Archive member included to satisfy reference by file (symbol)

/home/ashish/dev/docker-myir-dev/share/04-Source/m4/toolchains/gcc-arm-none-eabi-7-2017-q4-major/bin/../lib/gcc/arm-none-eabi/7.2.1/../../../../arm-none-eabi/lib/thumb/v7e-m/fpv4-sp/hard/libc_nano.a(lib_a-errno.o)
                              CMakeFiles/hello_world.elf.dir/home/ashish/dev/docker-myir-dev/share/rt-app/devices/MIMX8MM6/utilities/fsl_sbrk.c.obj (__errno)
/home/ashish/dev/docker-myir-dev/share/04-Source/m4/toolchains/gcc-arm-none-eabi-7-2017-q4-major/bin/../lib/gcc/arm-none-eabi/7.2.1/../../../../arm-none-eabi/lib/thumb/v7e-m/fpv4-sp/hard/libc_nano.a(lib_a-exit.o)
                              /home/ashish/dev/docker-myir-dev/share/04-Source/m4/toolchains/gcc-arm-none-eabi-7-2017-q4-major/bin/../lib/gcc/arm-none-eabi/7.2.1/../../../../arm-none-eabi/lib/thumb/v7e-m/fpv4-sp/hard/crt0.o (exit)
/home/ashish/dev/docker-myir-dev/share/04-Source/m4/toolchains/gcc-arm-none-eabi-7-2017-q4-major/bin/../lib/gcc/arm-none-eabi/7.2.1/../../../../arm-none-eabi/lib/thumb/v7e-m/fpv4-sp/hard/libc_nano.a(lib_a-impure.o)
                              /home/ashish/dev/docker-myir-dev/share/04-Source/m4/toolchains/gcc-arm-none-eabi-7-2017-q4-major/bin/../lib/gcc/arm-none-eabi/7.2.1/../../../../arm-none-eabi/lib/thumb/v7e-m/fpv4-sp/hard/libc_nano.a(lib_a-exit.o) (_global_impure_ptr)
/home/ashish/dev/docker-myir-dev/share/04-Source/m4/toolchains/gcc-arm-none-eabi-7-2017-q4-major/bin/../lib/gcc/arm-none-eabi/7.2.1/../../../../arm-none-eabi/lib/thumb/v7e-m/fpv4-sp/hard/libc_nano.a(lib_a-init.o)
                              /home/ashish/dev/docker-myir-dev/share/04-Source/m4/toolchains/gcc-arm-none-eabi-7-2017-q4-major/bin/../lib/gcc/arm-none-eabi/7.2.1/../../../../arm-none-eabi/lib/thumb/v7e-m/fpv4-sp/hard/crt0.o (__libc_init_array)
/home/ashish/dev/docker-myir-dev/share/04-Source/m4/toolchains/gcc-arm-none-eabi-7-2017-q4-major/bin/../lib/gcc/arm-none-eabi/7.2.1/../../../../arm-none-eabi/lib/thumb/v7e-m/fpv4-sp/hard/libc_nano.a(lib_a-malloc.o)
                              CMakeFiles/hello_world.elf.dir/home/ashish/dev/docker-myir-dev/share/rt-app/devices/MIMX8MM6/drivers/fsl_common.c.obj (malloc)
/home/ashish/dev/docker-myir-dev/share/04-Source/m4/toolchains/gcc-arm-none-eabi-7-2017-q4-major/bin/../lib/gcc/arm-none-eabi/7.2.1/../../../../arm-none-eabi/lib/thumb/v7e-m/fpv4-sp/hard/libc_nano.a(lib_a-memcpy-stub.o)
                              CMakeFiles/hello_world.elf.dir/home/ashish/dev/docker-myir-dev/share/rt-app/devices/MIMX8MM6/utilities/str/fsl_str.c.obj (memcpy)
/home/ashish/dev/docker-myir-dev/share/04-Source/m4/toolchains/gcc-arm-none-eabi-7-2017-q4-major/bin/../lib/gcc/arm-none-eabi/7.2.1/../../../../arm-none-eabi/lib/thumb/v7e-m/fpv4-sp/hard/libc_nano.a(lib_a-memset.o)
                              /home/ashish/dev/docker-myir-dev/share/04-Source/m4/toolchains/gcc-arm-none-eabi-7-2017-q4-major/bin/../lib/gcc/arm-none-eabi/7.2.1/../../../../arm-none-eabi/lib/thumb/v7e-m/fpv4-sp/hard/crt0.o (memset)
/home/ashish/dev/docker-myir-dev/share/04-Source/m4/toolchains/gcc-arm-none-eabi-7-2017-q4-major/bin/../lib/gcc/arm-none-eabi/7.2.1/../../../../arm-none-eabi/lib/thumb/v7e-m/fpv4-sp/hard/libc_nano.a(lib_a-nano-freer.o)
                              /home/ashish/dev/docker-myir-dev/share/04-Source/m4/toolchains/gcc-arm-none-eabi-7-2017-q4-major/bin/../lib/gcc/arm-none-eabi/7.2.1/../../../../arm-none-eabi/lib/thumb/v7e-m/fpv4-sp/hard/libc_nano.a(lib_a-malloc.o) (_free_r)
/home/ashish/dev/docker-myir-dev/share/04-Source/m4/toolchains/gcc-arm-none-eabi-7-2017-q4-major/bin/../lib/gcc/arm-none-eabi/7.2.1/../../../../arm-none-eabi/lib/thumb/v7e-m/fpv4-sp/hard/libc_nano.a(lib_a-nano-mallocr.o)
                              /home/ashish/dev/docker-myir-dev/share/04-Source/m4/toolchains/gcc-arm-none-eabi-7-2017-q4-major/bin/../lib/gcc/arm-none-eabi/7.2.1/../../../../arm-none-eabi/lib/thumb/v7e-m/fpv4-sp/hard/libc_nano.a(lib_a-malloc.o) (_malloc_r)
/home/ashish/dev/docker-myir-dev/share/04-Source/m4/toolchains/gcc-arm-none-eabi-7-2017-q4-major/bin/../lib/gcc/arm-none-eabi/7.2.1/../../../../arm-none-eabi/lib/thumb/v7e-m/fpv4-sp/hard/libc_nano.a(lib_a-sbrkr.o)
                              /home/ashish/dev/docker-myir-dev/share/04-Source/m4/toolchains/gcc-arm-none-eabi-7-2017-q4-major/bin/../lib/gcc/arm-none-eabi/7.2.1/../../../../arm-none-eabi/lib/thumb/v7e-m/fpv4-sp/hard/libc_nano.a(lib_a-nano-mallocr.o) (_sbrk_r)
/home/ashish/dev/docker-myir-dev/share/04-Source/m4/toolchains/gcc-arm-none-eabi-7-2017-q4-major/bin/../lib/gcc/arm-none-eabi/7.2.1/../../../../arm-none-eabi/lib/thumb/v7e-m/fpv4-sp/hard/libc_nano.a(lib_a-strlen.o)
                              CMakeFiles/hello_world.elf.dir/home/ashish/dev/docker-myir-dev/share/rt-app/devices/MIMX8MM6/utilities/str/fsl_str.c.obj (strlen)
[...]
Memory Configuration

Name             Origin             Length             Attributes
m_interrupts     0x000000001ffe0000 0x0000000000000240 xr
m_text           0x000000001ffe0240 0x000000000001fdc0 xr
m_data           0x0000000020000000 0x0000000000020000 rw
m_data2          0x0000000080000000 0x0000000000100000 rw
m_shared         0x0000000080100000 0x0000000000100000 rw
*default*        0x0000000000000000 0xffffffffffffffff

Linker script and memory map

LOAD /home/ashish/dev/docker-myir-dev/share/04-Source/m4/toolchains/gcc-arm-none-eabi-7-2017-q4-major/bin/../lib/gcc/arm-none-eabi/7.2.1/thumb/v7e-m/fpv4-sp/hard/crti.o
LOAD /home/ashish/dev/docker-myir-dev/share/04-Source/m4/toolchains/gcc-arm-none-eabi-7-2017-q4-major/bin/../lib/gcc/arm-none-eabi/7.2.1/thumb/v7e-m/fpv4-sp/hard/crtbegin.o
LOAD /home/ashish/dev/docker-myir-dev/share/04-Source/m4/toolchains/gcc-arm-none-eabi-7-2017-q4-major/bin/../lib/gcc/arm-none-eabi/7.2.1/../../../../arm-none-eabi/lib/thumb/v7e-m/fpv4-sp/hard/crt0.o
LOAD CMakeFiles/hello_world.elf.dir/home/ashish/dev/docker-myir-dev/share/rt-app/boards/evkmimx8mm/demo_apps/hello_world/hello_world.c.obj
LOAD CMakeFiles/hello_world.elf.dir/home/ashish/dev/docker-myir-dev/share/rt-app/boards/evkmimx8mm/demo_apps/hello_world/pin_mux.c.obj
LOAD CMakeFiles/hello_world.elf.dir/home/ashish/dev/docker-myir-dev/share/rt-app/boards/evkmimx8mm/demo_apps/hello_world/board.c.obj
LOAD CMakeFiles/hello_world.elf.dir/home/ashish/dev/docker-myir-dev/share/rt-app/boards/evkmimx8mm/demo_apps/hello_world/clock_config.c.obj
LOAD CMakeFiles/hello_world.elf.dir/home/ashish/dev/docker-myir-dev/share/rt-app/boards/evkmimx8mm/demo_apps/hello_world/empty_rsc_table.c.obj
LOAD CMakeFiles/hello_world.elf.dir/home/ashish/dev/docker-myir-dev/share/rt-app/devices/MIMX8MM6/drivers/fsl_mu.c.obj
LOAD CMakeFiles/hello_world.elf.dir/home/ashish/dev/docker-myir-dev/share/rt-app/devices/MIMX8MM6/drivers/fsl_clock.c.obj
LOAD CMakeFiles/hello_world.elf.dir/home/ashish/dev/docker-myir-dev/share/rt-app/devices/MIMX8MM6/drivers/fsl_common.c.obj
LOAD CMakeFiles/hello_world.elf.dir/home/ashish/dev/docker-myir-dev/share/rt-app/devices/MIMX8MM6/drivers/fsl_rdc.c.obj
LOAD CMakeFiles/hello_world.elf.dir/home/ashish/dev/docker-myir-dev/share/rt-app/devices/MIMX8MM6/utilities/debug_console/fsl_debug_console.c.obj
LOAD CMakeFiles/hello_world.elf.dir/home/ashish/dev/docker-myir-dev/share/rt-app/devices/MIMX8MM6/utilities/str/fsl_str.c.obj
LOAD CMakeFiles/hello_world.elf.dir/home/ashish/dev/docker-myir-dev/share/rt-app/components/uart/iuart_adapter.c.obj
LOAD CMakeFiles/hello_world.elf.dir/home/ashish/dev/docker-myir-dev/share/rt-app/components/serial_manager/serial_manager.c.obj
LOAD CMakeFiles/hello_world.elf.dir/home/ashish/dev/docker-myir-dev/share/rt-app/components/lists/generic_list.c.obj
LOAD CMakeFiles/hello_world.elf.dir/home/ashish/dev/docker-myir-dev/share/rt-app/components/serial_manager/serial_port_uart.c.obj
LOAD CMakeFiles/hello_world.elf.dir/home/ashish/dev/docker-myir-dev/share/rt-app/devices/MIMX8MM6/drivers/fsl_uart.c.obj
LOAD CMakeFiles/hello_world.elf.dir/home/ashish/dev/docker-myir-dev/share/rt-app/devices/MIMX8MM6/gcc/startup_MIMX8MM6_cm4.S.obj
LOAD CMakeFiles/hello_world.elf.dir/home/ashish/dev/docker-myir-dev/share/rt-app/devices/MIMX8MM6/system_MIMX8MM6_cm4.c.obj
LOAD CMakeFiles/hello_world.elf.dir/home/ashish/dev/docker-myir-dev/share/rt-app/devices/MIMX8MM6/utilities/fsl_assert.c.obj
LOAD CMakeFiles/hello_world.elf.dir/home/ashish/dev/docker-myir-dev/share/rt-app/devices/MIMX8MM6/utilities/fsl_sbrk.c.obj
START GROUP
LOAD /home/ashish/dev/docker-myir-dev/share/04-Source/m4/toolchains/gcc-arm-none-eabi-7-2017-q4-major/bin/../lib/gcc/arm-none-eabi/7.2.1/../../../../arm-none-eabi/lib/thumb/v7e-m/fpv4-sp/hard/libm.a
LOAD /home/ashish/dev/docker-myir-dev/share/04-Source/m4/toolchains/gcc-arm-none-eabi-7-2017-q4-major/bin/../lib/gcc/arm-none-eabi/7.2.1/../../../../arm-none-eabi/lib/thumb/v7e-m/fpv4-sp/hard/libc_nano.a
LOAD /home/ashish/dev/docker-myir-dev/share/04-Source/m4/toolchains/gcc-arm-none-eabi-7-2017-q4-major/bin/../lib/gcc/arm-none-eabi/7.2.1/thumb/v7e-m/fpv4-sp/hard/libgcc.a
LOAD /home/ashish/dev/docker-myir-dev/share/04-Source/m4/toolchains/gcc-arm-none-eabi-7-2017-q4-major/bin/../lib/gcc/arm-none-eabi/7.2.1/../../../../arm-none-eabi/lib/thumb/v7e-m/fpv4-sp/hard/libnosys.a
END GROUP
START GROUP
LOAD /home/ashish/dev/docker-myir-dev/share/04-Source/m4/toolchains/gcc-arm-none-eabi-7-2017-q4-major/bin/../lib/gcc/arm-none-eabi/7.2.1/thumb/v7e-m/fpv4-sp/hard/libgcc.a
LOAD /home/ashish/dev/docker-myir-dev/share/04-Source/m4/toolchains/gcc-arm-none-eabi-7-2017-q4-major/bin/../lib/gcc/arm-none-eabi/7.2.1/../../../../arm-none-eabi/lib/thumb/v7e-m/fpv4-sp/hard/libg_nano.a
LOAD /home/ashish/dev/docker-myir-dev/share/04-Source/m4/toolchains/gcc-arm-none-eabi-7-2017-q4-major/bin/../lib/gcc/arm-none-eabi/7.2.1/../../../../arm-none-eabi/lib/thumb/v7e-m/fpv4-sp/hard/libc_nano.a
END GROUP
START GROUP
LOAD /home/ashish/dev/docker-myir-dev/share/04-Source/m4/toolchains/gcc-arm-none-eabi-7-2017-q4-major/bin/../lib/gcc/arm-none-eabi/7.2.1/thumb/v7e-m/fpv4-sp/hard/libgcc.a
LOAD /home/ashish/dev/docker-myir-dev/share/04-Source/m4/toolchains/gcc-arm-none-eabi-7-2017-q4-major/bin/../lib/gcc/arm-none-eabi/7.2.1/../../../../arm-none-eabi/lib/thumb/v7e-m/fpv4-sp/hard/libc_nano.a
LOAD /home/ashish/dev/docker-myir-dev/share/04-Source/m4/toolchains/gcc-arm-none-eabi-7-2017-q4-major/bin/../lib/gcc/arm-none-eabi/7.2.1/../../../../arm-none-eabi/lib/thumb/v7e-m/fpv4-sp/hard/libnosys.a
END GROUP
START GROUP
LOAD /home/ashish/dev/docker-myir-dev/share/04-Source/m4/toolchains/gcc-arm-none-eabi-7-2017-q4-major/bin/../lib/gcc/arm-none-eabi/7.2.1/thumb/v7e-m/fpv4-sp/hard/libgcc.a
LOAD /home/ashish/dev/docker-myir-dev/share/04-Source/m4/toolchains/gcc-arm-none-eabi-7-2017-q4-major/bin/../lib/gcc/arm-none-eabi/7.2.1/../../../../arm-none-eabi/lib/thumb/v7e-m/fpv4-sp/hard/libc_nano.a
LOAD /home/ashish/dev/docker-myir-dev/share/04-Source/m4/toolchains/gcc-arm-none-eabi-7-2017-q4-major/bin/../lib/gcc/arm-none-eabi/7.2.1/../../../../arm-none-eabi/lib/thumb/v7e-m/fpv4-sp/hard/libnosys.a
END GROUP
LOAD /home/ashish/dev/docker-myir-dev/share/04-Source/m4/toolchains/gcc-arm-none-eabi-7-2017-q4-major/bin/../lib/gcc/arm-none-eabi/7.2.1/thumb/v7e-m/fpv4-sp/hard/crtend.o
LOAD /home/ashish/dev/docker-myir-dev/share/04-Source/m4/toolchains/gcc-arm-none-eabi-7-2017-q4-major/bin/../lib/gcc/arm-none-eabi/7.2.1/thumb/v7e-m/fpv4-sp/hard/crtn.o
                0x0000000000000400                HEAP_SIZE = DEFINED (__heap_size__)?__heap_size__:0x400
                0x0000000000000400                STACK_SIZE = DEFINED (__stack_size__)?__stack_size__:0x400

.interrupts     0x000000001ffe0000      0x240
                0x000000001ffe0000                __VECTOR_TABLE = .
                0x000000001ffe0000                __Vectors = .
                0x000000001ffe0000                . = ALIGN (0x4)
 *(.isr_vector)
 .isr_vector    0x000000001ffe0000      0x240 CMakeFiles/hello_world.elf.dir/home/ashish/dev/docker-myir-dev/share/rt-app/devices/MIMX8MM6/gcc/startup_MIMX8MM6_cm4.S.obj
                0x000000001ffe0000                __isr_vector
                0x000000001ffe0240                . = ALIGN (0x4)

.resource_table
                0x000000001ffe0240       0x10
                0x000000001ffe0240                . = ALIGN (0x8)
 *(.resource_table)
 .resource_table
                0x000000001ffe0240       0x10 CMakeFiles/hello_world.elf.dir/home/ashish/dev/docker-myir-dev/share/rt-app/boards/evkmimx8mm/demo_apps/hello_world/empty_rsc_table.c.obj
                0x000000001ffe0240                resource_table
                0x000000001ffe0250                . = ALIGN (0x8)

.text           0x000000001ffe0250     0x3a18
                0x000000001ffe0250                . = ALIGN (0x4)
 *(.text)
 .text          0x000000001ffe0250       0x40 /home/ashish/dev/docker-myir-dev/share/04-Source/m4/toolchains/gcc-arm-none-eabi-7-2017-q4-major/bin/../lib/gcc/arm-none-eabi/7.2.1/thumb/v7e-m/fpv4-sp/hard/crtbegin.o
 .text          0x000000001ffe0290       0x74 /home/ashish/dev/docker-myir-dev/share/04-Source/m4/toolchains/gcc-arm-none-eabi-7-2017-q4-major/bin/../lib/gcc/arm-none-eabi/7.2.1/../../../../arm-none-eabi/lib/thumb/v7e-m/fpv4-sp/hard/crt0.o
                0x000000001ffe0290                _mainCRTStartup
                0x000000001ffe0290                _start
 .text          0x000000001ffe0304      0x1a0 CMakeFiles/hello_world.elf.dir/home/ashish/dev/docker-myir-dev/share/rt-app/devices/MIMX8MM6/gcc/startup_MIMX8MM6_cm4.S.obj
                0x000000001ffe0304                Reset_Handler
                0x000000001ffe0390                Reserved96_IRQHandler
                0x000000001ffe0390                SJC_IRQHandler
                0x000000001ffe0390                DebugMon_Handler
                0x000000001ffe0390                DDR_PerformanceMonitor_IRQHandler
                0x000000001ffe0390                SRC_IRQHandler
                0x000000001ffe0390                GPIO2_Combined_0_15_IRQHandler
                0x000000001ffe0390                GPIO1_INT2_IRQHandler
                0x000000001ffe0390                PWM1_IRQHandler
                0x000000001ffe0390                CAAM_IRQ1_IRQHandler
                0x000000001ffe0390                CPU_Error_L2RAM_IRQHandler
                0x000000001ffe0390                CAAM_ERROR_IRQHandler
                0x000000001ffe0390                GPIO1_INT7_IRQHandler
                0x000000001ffe0390                Reserved59_IRQHandler
                0x000000001ffe0390                PCIE_CTRL1_IRQ0_IRQHandler
                0x000000001ffe0390                Reserved29_IRQHandler
                0x000000001ffe0390                QOS_IRQHandler
                0x000000001ffe0390                PDM_HWVAD_ERROR_IRQHandler
                0x000000001ffe0390                I2S2_DriverIRQHandler
                0x000000001ffe0390                GPIO5_Combined_0_15_IRQHandler
                0x000000001ffe0390                MIPI_DSI_IRQHandler
                0x000000001ffe0390                I2C3_DriverIRQHandler
                0x000000001ffe0390                USB1_IRQHandler
                0x000000001ffe0390                ENET_1588_DriverIRQHandler
                0x000000001ffe0390                SNVS_IRQHandler
                0x000000001ffe0390                Reserved116_IRQHandler
                0x000000001ffe0390                SRC_Combined_IRQHandler
                0x000000001ffe0390                GPIO4_Combined_0_15_IRQHandler
                0x000000001ffe0390                Reserved92_IRQHandler
                0x000000001ffe0390                VPU_G1_IRQHandler
                0x000000001ffe0390                PERFMON1_IRQHandler
                0x000000001ffe0390                SCTR_IRQ0_IRQHandler
                0x000000001ffe0390                PWM3_IRQHandler
                0x000000001ffe0390                I2C2_DriverIRQHandler
                0x000000001ffe0390                GPU2D_IRQHandler
                0x000000001ffe0390                HS_CP0_IRQHandler
                0x000000001ffe0390                UsageFault_Handler
                0x000000001ffe0390                WDOG1_IRQHandler
                0x000000001ffe0390                DAP_IRQHandler
                0x000000001ffe0390                TEMPMON_LOW_IRQHandler
                0x000000001ffe0390                GPT1_IRQHandler
                0x000000001ffe0390                DefaultISR
                0x000000001ffe0390                VPU_G2_IRQHandler
                0x000000001ffe0390                Reserved58_IRQHandler
                0x000000001ffe0390                I2S3_DriverIRQHandler
                0x000000001ffe0390                SDMA2_DriverIRQHandler
                0x000000001ffe0390                GPT3_IRQHandler
                0x000000001ffe0390                SNVS_Security_IRQHandler
                0x000000001ffe0390                USDHC1_DriverIRQHandler
                0x000000001ffe0390                GPIO1_INT0_IRQHandler
                0x000000001ffe0390                CCM_IRQ1_IRQHandler
                0x000000001ffe0390                CSU_IRQHandler
                0x000000001ffe0390                ENET_MAC0_Rx_Tx_Done2_DriverIRQHandler
                0x000000001ffe0390                ECSPI3_DriverIRQHandler
                0x000000001ffe0390                SDMA1_DriverIRQHandler
                0x000000001ffe0390                ENET_DriverIRQHandler
                0x000000001ffe0390                MIPI_CSI1_IRQHandler
                0x000000001ffe0390                ECSPI2_DriverIRQHandler
                0x000000001ffe0390                GPIO1_Combined_16_31_IRQHandler
                0x000000001ffe0390                CPU_CTI_Trigger_IRQHandler
                0x000000001ffe0390                PERFMON2_IRQHandler
                0x000000001ffe0390                QSPI_DriverIRQHandler
                0x000000001ffe0390                GPIO3_Combined_16_31_IRQHandler
                0x000000001ffe0390                CPU_Error_AXI_IRQHandler
                0x000000001ffe0390                CSI1_IRQHandler
                0x000000001ffe0390                RDC_IRQHandler
                0x000000001ffe0390                WDOG2_IRQHandler
                0x000000001ffe0390                GPIO1_INT5_IRQHandler
                0x000000001ffe0390                PWM2_IRQHandler
                0x000000001ffe0390                GPIO1_INT6_IRQHandler
                0x000000001ffe0390                SNVS_Consolidated_IRQHandler
                0x000000001ffe0390                I2S1_DriverIRQHandler
                0x000000001ffe0390                GPR_IRQ_IRQHandler
                0x000000001ffe0390                PCIE_CTRL1_IRQ1_IRQHandler
                0x000000001ffe0390                GPC_IRQHandler
                0x000000001ffe0390                GPIO3_Combined_0_15_IRQHandler
                0x000000001ffe0390                I2S56_DriverIRQHandler
                0x000000001ffe0390                SCTR_IRQ1_IRQHandler
                0x000000001ffe0390                GPMI_IRQHandler
                0x000000001ffe0390                GPIO5_Combined_16_31_IRQHandler
                0x000000001ffe0390                CPU_PerformanceUnit_IRQHandler
                0x000000001ffe0390                ENET_MAC0_Rx_Tx_Done1_DriverIRQHandler
                0x000000001ffe0390                PWM4_IRQHandler
                0x000000001ffe0390                TZASC_IRQHandler
                0x000000001ffe0390                MU_A53_IRQHandler
                0x000000001ffe0390                USDHC3_DriverIRQHandler
                0x000000001ffe0390                GPIO1_INT1_IRQHandler
                0x000000001ffe0390                DDR_IRQHandler
                0x000000001ffe0390                MU_M4_IRQHandler
                0x000000001ffe0390                PCIE_CTRL1_IRQHandler
                0x000000001ffe0390                HS_CP1_IRQHandler
                0x000000001ffe0390                GPIO1_INT4_IRQHandler
                0x000000001ffe0390                USDHC2_DriverIRQHandler
                0x000000001ffe0390                MemManage_Handler
                0x000000001ffe0390                Reserved90_IRQHandler
                0x000000001ffe0390                GPT4_IRQHandler
                0x000000001ffe0390                Reserved133_IRQHandler
                0x000000001ffe0390                PDM_EVENT_DriverIRQHandler
                0x000000001ffe0390                I2C4_DriverIRQHandler
                0x000000001ffe0390                USB2_IRQHandler
                0x000000001ffe0390                PDM_HWVAD_EVENT_IRQHandler
                0x000000001ffe0390                BCH_IRQHandler
                0x000000001ffe0390                Reserved142_IRQHandler
                0x000000001ffe0390                VPU_H1_IRQHandler
                0x000000001ffe0390                GPIO1_INT3_IRQHandler
                0x000000001ffe0390                GPIO1_Combined_0_15_IRQHandler
                0x000000001ffe0390                I2C1_DriverIRQHandler
                0x000000001ffe0390                Reserved91_IRQHandler
                0x000000001ffe0390                Reserved127_IRQHandler
                0x000000001ffe0390                SDMA3_DriverIRQHandler
                0x000000001ffe0390                ECSPI1_DriverIRQHandler
                0x000000001ffe0390                PCIE_CTRL1_IRQ3_IRQHandler
                0x000000001ffe0390                PCIE_CTRL1_IRQ2_IRQHandler
                0x000000001ffe0390                GPU3D_IRQHandler
                0x000000001ffe0390                APBHDMA_DriverIRQHandler
                0x000000001ffe0390                GPIO2_Combined_16_31_IRQHandler
                0x000000001ffe0390                SPDIF1_DriverIRQHandler
                0x000000001ffe0390                CAAM_IRQ2_IRQHandler
                0x000000001ffe0390                GPT2_IRQHandler
                0x000000001ffe0390                RTIC_IRQHandler
                0x000000001ffe0390                PDM_ERROR_IRQHandler
                0x000000001ffe0390                GPT5_IRQHandler
                0x000000001ffe0390                BusFault_Handler
                0x000000001ffe0390                GPIO4_Combined_16_31_IRQHandler
                0x000000001ffe0390                Reserved93_IRQHandler
                0x000000001ffe0390                GPT6_IRQHandler
                0x000000001ffe0390                CAAM_IRQ0_IRQHandler
                0x000000001ffe0390                CCM_IRQ2_IRQHandler
                0x000000001ffe0390                WDOG3_IRQHandler
                0x000000001ffe0390                LCDIF_IRQHandler
                0x000000001ffe0394                NMI_Handler
                0x000000001ffe0398                HardFault_Handler
                0x000000001ffe039c                SVC_Handler
                0x000000001ffe03a0                PendSV_Handler
                0x000000001ffe03a4                SysTick_Handler
                0x000000001ffe03a8                SDMA1_IRQHandler
                0x000000001ffe03ac                SPDIF1_IRQHandler
                0x000000001ffe03b0                APBHDMA_IRQHandler
                0x000000001ffe03b4                USDHC1_IRQHandler
                0x000000001ffe03b8                USDHC2_IRQHandler
                0x000000001ffe03bc                USDHC3_IRQHandler
                0x000000001ffe03c0                UART1_IRQHandler
                0x000000001ffe03c4                UART2_IRQHandler
                0x000000001ffe03c8                UART3_IRQHandler
                0x000000001ffe03cc                UART4_IRQHandler
                0x000000001ffe03d0                ECSPI1_IRQHandler
                0x000000001ffe03d4                ECSPI2_IRQHandler
                0x000000001ffe03d8                ECSPI3_IRQHandler
                0x000000001ffe03dc                SDMA3_IRQHandler
                0x000000001ffe03e0                I2C1_IRQHandler
                0x000000001ffe03e4                I2C2_IRQHandler
                0x000000001ffe03e8                I2C3_IRQHandler
                0x000000001ffe03ec                I2C4_IRQHandler
                0x000000001ffe03f0                I2S3_IRQHandler
                0x000000001ffe03f4                I2S56_IRQHandler
                0x000000001ffe03f8                I2S1_IRQHandler
                0x000000001ffe03fc                I2S2_IRQHandler
                0x000000001ffe0400                SDMA2_IRQHandler
                0x000000001ffe0404                QSPI_IRQHandler
                0x000000001ffe0408                PDM_EVENT_IRQHandler
                0x000000001ffe040c                ENET_MAC0_Rx_Tx_Done1_IRQHandler
                0x000000001ffe0410                ENET_MAC0_Rx_Tx_Done2_IRQHandler
                0x000000001ffe0414                ENET_IRQHandler
                0x000000001ffe0418                ENET_1588_IRQHandler
 .text          0x000000001ffe04a4       0x10 /home/ashish/dev/docker-myir-dev/share/04-Source/m4/toolchains/gcc-arm-none-eabi-7-2017-q4-major/bin/../lib/gcc/arm-none-eabi/7.2.1/../../../../arm-none-eabi/lib/thumb/v7e-m/fpv4-sp/hard/libc_nano.a(lib_a-strlen.o)
                0x000000001ffe04a4                strlen
 .text          0x000000001ffe04b4       0x30 /home/ashish/dev/docker-myir-dev/share/04-Source/m4/toolchains/gcc-arm-none-eabi-7-2017-q4-major/bin/../lib/gcc/arm-none-eabi/7.2.1/thumb/v7e-m/fpv4-sp/hard/libgcc.a(_aeabi_uldivmod.o)
                0x000000001ffe04b4                __aeabi_uldivmod
 .text          0x000000001ffe04e4      0x2cc /home/ashish/dev/docker-myir-dev/share/04-Source/m4/toolchains/gcc-arm-none-eabi-7-2017-q4-major/bin/../lib/gcc/arm-none-eabi/7.2.1/thumb/v7e-m/fpv4-sp/hard/libgcc.a(_udivmoddi4.o)
                0x000000001ffe04e4                __udivmoddi4
 .text          0x000000001ffe07b0        0x4 /home/ashish/dev/docker-myir-dev/share/04-Source/m4/toolchains/gcc-arm-none-eabi-7-2017-q4-major/bin/../lib/gcc/arm-none-eabi/7.2.1/thumb/v7e-m/fpv4-sp/hard/libgcc.a(_dvmd_tls.o)
                0x000000001ffe07b0                __aeabi_ldiv0
                0x000000001ffe07b0                __aeabi_idiv0
 *(.text*)
 .text.main     0x000000001ffe07b4       0xb8 CMakeFiles/hello_world.elf.dir/home/ashish/dev/docker-myir-dev/share/rt-app/boards/evkmimx8mm/demo_apps/hello_world/hello_world.c.obj
                0x000000001ffe07b4                main
 .text.IOMUXC_SetPinMux
                0x000000001ffe086c       0x3e CMakeFiles/hello_world.elf.dir/home/ashish/dev/docker-myir-dev/share/rt-app/boards/evkmimx8mm/demo_apps/hello_world/pin_mux.c.obj
 .text.IOMUXC_SetPinConfig
                0x000000001ffe08aa       0x26 CMakeFiles/hello_world.elf.dir/home/ashish/dev/docker-myir-dev/share/rt-app/boards/evkmimx8mm/demo_apps/hello_world/pin_mux.c.obj
 .text.BOARD_InitPins
                0x000000001ffe08d0       0x70 CMakeFiles/hello_world.elf.dir/home/ashish/dev/docker-myir-dev/share/rt-app/boards/evkmimx8mm/demo_apps/hello_world/pin_mux.c.obj
                0x000000001ffe08d0                BOARD_InitPins
 .text.CLOCK_GetRootPreDivider
                0x000000001ffe0940       0x20 CMakeFiles/hello_world.elf.dir/home/ashish/dev/docker-myir-dev/share/rt-app/boards/evkmimx8mm/demo_apps/hello_world/board.c.obj
 .text.CLOCK_GetRootPostDivider
                0x000000001ffe0960       0x1e CMakeFiles/hello_world.elf.dir/home/ashish/dev/docker-myir-dev/share/rt-app/boards/evkmimx8mm/demo_apps/hello_world/board.c.obj
 .text.CLOCK_ControlGate
                0x000000001ffe097e       0x1e CMakeFiles/hello_world.elf.dir/home/ashish/dev/docker-myir-dev/share/rt-app/boards/evkmimx8mm/demo_apps/hello_world/board.c.obj
 .text.BOARD_InitDebugConsole
                0x000000001ffe099c       0x5c CMakeFiles/hello_world.elf.dir/home/ashish/dev/docker-myir-dev/share/rt-app/boards/evkmimx8mm/demo_apps/hello_world/board.c.obj
                0x000000001ffe099c                BOARD_InitDebugConsole
 .text.BOARD_InitMemory
                0x000000001ffe09f8      0x140 CMakeFiles/hello_world.elf.dir/home/ashish/dev/docker-myir-dev/share/rt-app/boards/evkmimx8mm/demo_apps/hello_world/board.c.obj
                0x000000001ffe09f8                BOARD_InitMemory
 .text.BOARD_RdcInit
                0x000000001ffe0b38       0xb4 CMakeFiles/hello_world.elf.dir/home/ashish/dev/docker-myir-dev/share/rt-app/boards/evkmimx8mm/demo_apps/hello_world/board.c.obj
                0x000000001ffe0b38                BOARD_RdcInit
 .text.CLOCK_SetRootMux
                0x000000001ffe0bec       0x2c CMakeFiles/hello_world.elf.dir/home/ashish/dev/docker-myir-dev/share/rt-app/boards/evkmimx8mm/demo_apps/hello_world/clock_config.c.obj
 .text.BOARD_BootClockRUN
                0x000000001ffe0c18       0xe4 CMakeFiles/hello_world.elf.dir/home/ashish/dev/docker-myir-dev/share/rt-app/boards/evkmimx8mm/demo_apps/hello_world/clock_config.c.obj
                0x000000001ffe0c18                BOARD_BootClockRUN
 .text.MU_GetInstance
                0x000000001ffe0cfc       0x54 CMakeFiles/hello_world.elf.dir/home/ashish/dev/docker-myir-dev/share/rt-app/devices/MIMX8MM6/drivers/fsl_mu.c.obj
 .text.MU_Init  0x000000001ffe0d50       0x20 CMakeFiles/hello_world.elf.dir/home/ashish/dev/docker-myir-dev/share/rt-app/devices/MIMX8MM6/drivers/fsl_mu.c.obj
                0x000000001ffe0d50                MU_Init
 .text.CLOCK_SetPllBypass
                0x000000001ffe0d70       0x68 CMakeFiles/hello_world.elf.dir/home/ashish/dev/docker-myir-dev/share/rt-app/devices/MIMX8MM6/drivers/fsl_clock.c.obj
 .text.CLOCK_IsPllBypassed
                0x000000001ffe0dd8       0x38 CMakeFiles/hello_world.elf.dir/home/ashish/dev/docker-myir-dev/share/rt-app/devices/MIMX8MM6/drivers/fsl_clock.c.obj
 .text.CLOCK_IsPllLocked
                0x000000001ffe0e10       0x24 CMakeFiles/hello_world.elf.dir/home/ashish/dev/docker-myir-dev/share/rt-app/devices/MIMX8MM6/drivers/fsl_clock.c.obj
 .text.CLOCK_EnableAnalogClock
                0x000000001ffe0e34       0x38 CMakeFiles/hello_world.elf.dir/home/ashish/dev/docker-myir-dev/share/rt-app/devices/MIMX8MM6/drivers/fsl_clock.c.obj
 .text.CLOCK_GetPllRefClkFreq
                0x000000001ffe0e6c       0x88 CMakeFiles/hello_world.elf.dir/home/ashish/dev/docker-myir-dev/share/rt-app/devices/MIMX8MM6/drivers/fsl_clock.c.obj
                0x000000001ffe0e6c                CLOCK_GetPllRefClkFreq
 .text.CLOCK_GetPllFreq
                0x000000001ffe0ef4      0x1b4 CMakeFiles/hello_world.elf.dir/home/ashish/dev/docker-myir-dev/share/rt-app/devices/MIMX8MM6/drivers/fsl_clock.c.obj
                0x000000001ffe0ef4                CLOCK_GetPllFreq
 .text.CLOCK_InitAudioPll1
                0x000000001ffe10a8       0x68 CMakeFiles/hello_world.elf.dir/home/ashish/dev/docker-myir-dev/share/rt-app/devices/MIMX8MM6/drivers/fsl_clock.c.obj
                0x000000001ffe10a8                CLOCK_InitAudioPll1
 .text.CLOCK_InitAudioPll2
                0x000000001ffe1110       0x74 CMakeFiles/hello_world.elf.dir/home/ashish/dev/docker-myir-dev/share/rt-app/devices/MIMX8MM6/drivers/fsl_clock.c.obj
                0x000000001ffe1110                CLOCK_InitAudioPll2
 .text.CLOCK_InitFracPll
                0x000000001ffe1184      0x15c CMakeFiles/hello_world.elf.dir/home/ashish/dev/docker-myir-dev/share/rt-app/devices/MIMX8MM6/drivers/fsl_clock.c.obj
                0x000000001ffe1184                CLOCK_InitFracPll
 .text.CLOCK_GetFracPllFreq
                0x000000001ffe12e0      0x120 CMakeFiles/hello_world.elf.dir/home/ashish/dev/docker-myir-dev/share/rt-app/devices/MIMX8MM6/drivers/fsl_clock.c.obj
                0x000000001ffe12e0                CLOCK_GetFracPllFreq
 .text.CLOCK_GetIntegerPllFreq
                0x000000001ffe1400       0xec CMakeFiles/hello_world.elf.dir/home/ashish/dev/docker-myir-dev/share/rt-app/devices/MIMX8MM6/drivers/fsl_clock.c.obj
                0x000000001ffe1400                CLOCK_GetIntegerPllFreq
 .text.CLOCK_SetRootDivider
                0x000000001ffe14ec       0x80 CMakeFiles/hello_world.elf.dir/home/ashish/dev/docker-myir-dev/share/rt-app/devices/MIMX8MM6/drivers/fsl_clock.c.obj
                0x000000001ffe14ec                CLOCK_SetRootDivider
 .text.CLOCK_EnableClock
                0x000000001ffe156c       0x56 CMakeFiles/hello_world.elf.dir/home/ashish/dev/docker-myir-dev/share/rt-app/devices/MIMX8MM6/drivers/fsl_clock.c.obj
                0x000000001ffe156c                CLOCK_EnableClock
 *fill*         0x000000001ffe15c2        0x2 
 .text.RDC_SetMasterDomainAssignment
                0x000000001ffe15c4       0x48 CMakeFiles/hello_world.elf.dir/home/ashish/dev/docker-myir-dev/share/rt-app/devices/MIMX8MM6/drivers/fsl_rdc.c.obj
                0x000000001ffe15c4                RDC_SetMasterDomainAssignment
 .text.DbgConsole_SendDataReliable
                0x000000001ffe160c       0x7c CMakeFiles/hello_world.elf.dir/home/ashish/dev/docker-myir-dev/share/rt-app/devices/MIMX8MM6/utilities/debug_console/fsl_debug_console.c.obj
                0x000000001ffe160c                DbgConsole_SendDataReliable
 .text.DbgConsole_PrintCallback
                0x000000001ffe1688       0x64 CMakeFiles/hello_world.elf.dir/home/ashish/dev/docker-myir-dev/share/rt-app/devices/MIMX8MM6/utilities/debug_console/fsl_debug_console.c.obj
 .text.DbgConsole_Init
                0x000000001ffe16ec      0x130 CMakeFiles/hello_world.elf.dir/home/ashish/dev/docker-myir-dev/share/rt-app/devices/MIMX8MM6/utilities/debug_console/fsl_debug_console.c.obj
                0x000000001ffe16ec                DbgConsole_Init
 .text.DbgConsole_Printf
                0x000000001ffe181c       0x70 CMakeFiles/hello_world.elf.dir/home/ashish/dev/docker-myir-dev/share/rt-app/devices/MIMX8MM6/utilities/debug_console/fsl_debug_console.c.obj
                0x000000001ffe181c                DbgConsole_Printf
 .text.PrintGetWidth
                0x000000001ffe188c       0x6a CMakeFiles/hello_world.elf.dir/home/ashish/dev/docker-myir-dev/share/rt-app/devices/MIMX8MM6/utilities/str/fsl_str.c.obj
 .text.PrintGetPrecision
                0x000000001ffe18f6       0x8c CMakeFiles/hello_world.elf.dir/home/ashish/dev/docker-myir-dev/share/rt-app/devices/MIMX8MM6/utilities/str/fsl_str.c.obj
 .text.PrintIsobpu
                0x000000001ffe1982       0x38 CMakeFiles/hello_world.elf.dir/home/ashish/dev/docker-myir-dev/share/rt-app/devices/MIMX8MM6/utilities/str/fsl_str.c.obj
 .text.PrintIsdi
                0x000000001ffe19ba       0x2c CMakeFiles/hello_world.elf.dir/home/ashish/dev/docker-myir-dev/share/rt-app/devices/MIMX8MM6/utilities/str/fsl_str.c.obj
 .text.PrintOutputdifFobpu
                0x000000001ffe19e6       0x42 CMakeFiles/hello_world.elf.dir/home/ashish/dev/docker-myir-dev/share/rt-app/devices/MIMX8MM6/utilities/str/fsl_str.c.obj
 .text.PrintOutputxX
                0x000000001ffe1a28       0x42 CMakeFiles/hello_world.elf.dir/home/ashish/dev/docker-myir-dev/share/rt-app/devices/MIMX8MM6/utilities/str/fsl_str.c.obj
 .text.PrintIsfF
                0x000000001ffe1a6a       0x2c CMakeFiles/hello_world.elf.dir/home/ashish/dev/docker-myir-dev/share/rt-app/devices/MIMX8MM6/utilities/str/fsl_str.c.obj
 .text.PrintIsxX
                0x000000001ffe1a96       0x2c CMakeFiles/hello_world.elf.dir/home/ashish/dev/docker-myir-dev/share/rt-app/devices/MIMX8MM6/utilities/str/fsl_str.c.obj
 .text.PrintGetRadixFromobpu
                0x000000001ffe1ac2       0x40 CMakeFiles/hello_world.elf.dir/home/ashish/dev/docker-myir-dev/share/rt-app/devices/MIMX8MM6/utilities/str/fsl_str.c.obj
 .text.ConvertRadixNumToString
                0x000000001ffe1b02      0x118 CMakeFiles/hello_world.elf.dir/home/ashish/dev/docker-myir-dev/share/rt-app/devices/MIMX8MM6/utilities/str/fsl_str.c.obj
 .text.StrFormatPrintf
                0x000000001ffe1c1a      0x286 CMakeFiles/hello_world.elf.dir/home/ashish/dev/docker-myir-dev/share/rt-app/devices/MIMX8MM6/utilities/str/fsl_str.c.obj
                0x000000001ffe1c1a                StrFormatPrintf
 .text.HAL_UartGetStatus
                0x000000001ffe1ea0       0x22 CMakeFiles/hello_world.elf.dir/home/ashish/dev/docker-myir-dev/share/rt-app/components/uart/iuart_adapter.c.obj
 *fill*         0x000000001ffe1ec2        0x2 
 .text.HAL_UartInit
                0x000000001ffe1ec4      0x120 CMakeFiles/hello_world.elf.dir/home/ashish/dev/docker-myir-dev/share/rt-app/components/uart/iuart_adapter.c.obj
                0x000000001ffe1ec4                HAL_UartInit
 .text.HAL_UartSendBlocking
                0x000000001ffe1fe4       0x84 CMakeFiles/hello_world.elf.dir/home/ashish/dev/docker-myir-dev/share/rt-app/components/uart/iuart_adapter.c.obj
                0x000000001ffe1fe4                HAL_UartSendBlocking
 .text.DisableGlobalIRQ
                0x000000001ffe2068       0x20 CMakeFiles/hello_world.elf.dir/home/ashish/dev/docker-myir-dev/share/rt-app/components/serial_manager/serial_manager.c.obj
 .text.EnableGlobalIRQ
                0x000000001ffe2088       0x1e CMakeFiles/hello_world.elf.dir/home/ashish/dev/docker-myir-dev/share/rt-app/components/serial_manager/serial_manager.c.obj
 .text.SerialManager_StartWriting
                0x000000001ffe20a6       0x38 CMakeFiles/hello_world.elf.dir/home/ashish/dev/docker-myir-dev/share/rt-app/components/serial_manager/serial_manager.c.obj
 *fill*         0x000000001ffe20de        0x2 
 .text.SerialManager_Write
                0x000000001ffe20e0       0x94 CMakeFiles/hello_world.elf.dir/home/ashish/dev/docker-myir-dev/share/rt-app/components/serial_manager/serial_manager.c.obj
 .text.SerialManager_Init
                0x000000001ffe2174       0x8c CMakeFiles/hello_world.elf.dir/home/ashish/dev/docker-myir-dev/share/rt-app/components/serial_manager/serial_manager.c.obj
                0x000000001ffe2174                SerialManager_Init
 .text.SerialManager_OpenWriteHandle
                0x000000001ffe2200       0x7c CMakeFiles/hello_world.elf.dir/home/ashish/dev/docker-myir-dev/share/rt-app/components/serial_manager/serial_manager.c.obj
                0x000000001ffe2200                SerialManager_OpenWriteHandle
 .text.SerialManager_OpenReadHandle
                0x000000001ffe227c       0x8c CMakeFiles/hello_world.elf.dir/home/ashish/dev/docker-myir-dev/share/rt-app/components/serial_manager/serial_manager.c.obj
                0x000000001ffe227c                SerialManager_OpenReadHandle
 .text.SerialManager_WriteBlocking
                0x000000001ffe2308       0x20 CMakeFiles/hello_world.elf.dir/home/ashish/dev/docker-myir-dev/share/rt-app/components/serial_manager/serial_manager.c.obj
                0x000000001ffe2308                SerialManager_WriteBlocking
 .text.Serial_UartInit
                0x000000001ffe2328       0x94 CMakeFiles/hello_world.elf.dir/home/ashish/dev/docker-myir-dev/share/rt-app/components/serial_manager/serial_port_uart.c.obj
                0x000000001ffe2328                Serial_UartInit
 .text.Serial_UartWrite
                0x000000001ffe23bc       0x78 CMakeFiles/hello_world.elf.dir/home/ashish/dev/docker-myir-dev/share/rt-app/components/serial_manager/serial_port_uart.c.obj
                0x000000001ffe23bc                Serial_UartWrite
 .text.UART_SoftwareReset
                0x000000001ffe2434       0x34 CMakeFiles/hello_world.elf.dir/home/ashish/dev/docker-myir-dev/share/rt-app/devices/MIMX8MM6/drivers/fsl_uart.c.obj
 .text.UART_Enable
                0x000000001ffe2468       0x24 CMakeFiles/hello_world.elf.dir/home/ashish/dev/docker-myir-dev/share/rt-app/devices/MIMX8MM6/drivers/fsl_uart.c.obj
 .text.UART_Disable
                0x000000001ffe248c       0x24 CMakeFiles/hello_world.elf.dir/home/ashish/dev/docker-myir-dev/share/rt-app/devices/MIMX8MM6/drivers/fsl_uart.c.obj
 .text.UART_WriteByte
                0x000000001ffe24b0       0x1e CMakeFiles/hello_world.elf.dir/home/ashish/dev/docker-myir-dev/share/rt-app/devices/MIMX8MM6/drivers/fsl_uart.c.obj
 *fill*         0x000000001ffe24ce        0x2 
 .text.UART_SetTxFifoWatermark
                0x000000001ffe24d0       0x54 CMakeFiles/hello_world.elf.dir/home/ashish/dev/docker-myir-dev/share/rt-app/devices/MIMX8MM6/drivers/fsl_uart.c.obj
 .text.UART_SetRxFifoWatermark
                0x000000001ffe2524       0x4c CMakeFiles/hello_world.elf.dir/home/ashish/dev/docker-myir-dev/share/rt-app/devices/MIMX8MM6/drivers/fsl_uart.c.obj
 .text.UART_EnableAutoBaudRate
                0x000000001ffe2570       0x50 CMakeFiles/hello_world.elf.dir/home/ashish/dev/docker-myir-dev/share/rt-app/devices/MIMX8MM6/drivers/fsl_uart.c.obj
 .text.UART_GetInstance
                0x000000001ffe25c0       0x60 CMakeFiles/hello_world.elf.dir/home/ashish/dev/docker-myir-dev/share/rt-app/devices/MIMX8MM6/drivers/fsl_uart.c.obj
                0x000000001ffe25c0                UART_GetInstance
 .text.UART_Init
                0x000000001ffe2620      0x178 CMakeFiles/hello_world.elf.dir/home/ashish/dev/docker-myir-dev/share/rt-app/devices/MIMX8MM6/drivers/fsl_uart.c.obj
                0x000000001ffe2620                UART_Init
 .text.UART_GetDefaultConfig
                0x000000001ffe2798       0x74 CMakeFiles/hello_world.elf.dir/home/ashish/dev/docker-myir-dev/share/rt-app/devices/MIMX8MM6/drivers/fsl_uart.c.obj
                0x000000001ffe2798                UART_GetDefaultConfig
 .text.UART_SetBaudRate
                0x000000001ffe280c      0x2e0 CMakeFiles/hello_world.elf.dir/home/ashish/dev/docker-myir-dev/share/rt-app/devices/MIMX8MM6/drivers/fsl_uart.c.obj
                0x000000001ffe280c                UART_SetBaudRate
 .text.UART_WriteBlocking
                0x000000001ffe2aec       0x70 CMakeFiles/hello_world.elf.dir/home/ashish/dev/docker-myir-dev/share/rt-app/devices/MIMX8MM6/drivers/fsl_uart.c.obj
                0x000000001ffe2aec                UART_WriteBlocking
 .text.UART1_DriverIRQHandler
                0x000000001ffe2b5c       0x28 CMakeFiles/hello_world.elf.dir/home/ashish/dev/docker-myir-dev/share/rt-app/devices/MIMX8MM6/drivers/fsl_uart.c.obj
                0x000000001ffe2b5c                UART1_DriverIRQHandler
 .text.UART2_DriverIRQHandler
                0x000000001ffe2b84       0x28 CMakeFiles/hello_world.elf.dir/home/ashish/dev/docker-myir-dev/share/rt-app/devices/MIMX8MM6/drivers/fsl_uart.c.obj
                0x000000001ffe2b84                UART2_DriverIRQHandler
 .text.UART3_DriverIRQHandler
                0x000000001ffe2bac       0x28 CMakeFiles/hello_world.elf.dir/home/ashish/dev/docker-myir-dev/share/rt-app/devices/MIMX8MM6/drivers/fsl_uart.c.obj
                0x000000001ffe2bac                UART3_DriverIRQHandler
 .text.UART4_DriverIRQHandler
                0x000000001ffe2bd4       0x28 CMakeFiles/hello_world.elf.dir/home/ashish/dev/docker-myir-dev/share/rt-app/devices/MIMX8MM6/drivers/fsl_uart.c.obj
                0x000000001ffe2bd4                UART4_DriverIRQHandler
 .text.GetFracPllFreq
                0x000000001ffe2bfc       0xc0 CMakeFiles/hello_world.elf.dir/home/ashish/dev/docker-myir-dev/share/rt-app/devices/MIMX8MM6/system_MIMX8MM6_cm4.c.obj
                0x000000001ffe2bfc                GetFracPllFreq
 .text.GetIntegerPllFreq
                0x000000001ffe2cbc       0xec CMakeFiles/hello_world.elf.dir/home/ashish/dev/docker-myir-dev/share/rt-app/devices/MIMX8MM6/system_MIMX8MM6_cm4.c.obj
                0x000000001ffe2cbc                GetIntegerPllFreq
 .text.SystemInit
                0x000000001ffe2da8       0x98 CMakeFiles/hello_world.elf.dir/home/ashish/dev/docker-myir-dev/share/rt-app/devices/MIMX8MM6/system_MIMX8MM6_cm4.c.obj
                0x000000001ffe2da8                SystemInit
 .text.SystemCoreClockUpdate
                0x000000001ffe2e40      0x104 CMakeFiles/hello_world.elf.dir/home/ashish/dev/docker-myir-dev/share/rt-app/devices/MIMX8MM6/system_MIMX8MM6_cm4.c.obj
                0x000000001ffe2e40                SystemCoreClockUpdate
 .text.SystemInitHook
                0x000000001ffe2f44        0xe CMakeFiles/hello_world.elf.dir/home/ashish/dev/docker-myir-dev/share/rt-app/devices/MIMX8MM6/system_MIMX8MM6_cm4.c.obj
                0x000000001ffe2f44                SystemInitHook
 *fill*         0x000000001ffe2f52        0x2 
 .text.__assert_func
                0x000000001ffe2f54       0x28 CMakeFiles/hello_world.elf.dir/home/ashish/dev/docker-myir-dev/share/rt-app/devices/MIMX8MM6/utilities/fsl_assert.c.obj
                0x000000001ffe2f54                __assert_func
 .text.exit     0x000000001ffe2f7c       0x28 /home/ashish/dev/docker-myir-dev/share/04-Source/m4/toolchains/gcc-arm-none-eabi-7-2017-q4-major/bin/../lib/gcc/arm-none-eabi/7.2.1/../../../../arm-none-eabi/lib/thumb/v7e-m/fpv4-sp/hard/libc_nano.a(lib_a-exit.o)
                0x000000001ffe2f7c                exit
 .text.__libc_init_array
                0x000000001ffe2fa4       0x48 /home/ashish/dev/docker-myir-dev/share/04-Source/m4/toolchains/gcc-arm-none-eabi-7-2017-q4-major/bin/../lib/gcc/arm-none-eabi/7.2.1/../../../../arm-none-eabi/lib/thumb/v7e-m/fpv4-sp/hard/libc_nano.a(lib_a-init.o)
                0x000000001ffe2fa4                __libc_init_array
 .text.memset   0x000000001ffe2fec       0x10 /home/ashish/dev/docker-myir-dev/share/04-Source/m4/toolchains/gcc-arm-none-eabi-7-2017-q4-major/bin/../lib/gcc/arm-none-eabi/7.2.1/../../../../arm-none-eabi/lib/thumb/v7e-m/fpv4-sp/hard/libc_nano.a(lib_a-memset.o)
                0x000000001ffe2fec                memset
 .text._exit    0x000000001ffe2ffc        0x4 /home/ashish/dev/docker-myir-dev/share/04-Source/m4/toolchains/gcc-arm-none-eabi-7-2017-q4-major/bin/../lib/gcc/arm-none-eabi/7.2.1/../../../../arm-none-eabi/lib/thumb/v7e-m/fpv4-sp/hard/libnosys.a(_exit.o)
                0x000000001ffe2ffc                _exit
 *(.rodata)
 .rodata        0x000000001ffe3000       0x21 CMakeFiles/hello_world.elf.dir/home/ashish/dev/docker-myir-dev/share/rt-app/boards/evkmimx8mm/demo_apps/hello_world/hello_world.c.obj
 *fill*         0x000000001ffe3021        0x3 
 .rodata        0x000000001ffe3024       0xb7 CMakeFiles/hello_world.elf.dir/home/ashish/dev/docker-myir-dev/share/rt-app/boards/evkmimx8mm/demo_apps/hello_world/board.c.obj
 *fill*         0x000000001ffe30db        0x1 
 .rodata        0x000000001ffe30dc       0x9f CMakeFiles/hello_world.elf.dir/home/ashish/dev/docker-myir-dev/share/rt-app/devices/MIMX8MM6/drivers/fsl_mu.c.obj
 *fill*         0x000000001ffe317b        0x1 
 .rodata        0x000000001ffe317c      0x15e CMakeFiles/hello_world.elf.dir/home/ashish/dev/docker-myir-dev/share/rt-app/devices/MIMX8MM6/drivers/fsl_clock.c.obj
 *fill*         0x000000001ffe32da        0x2 
 .rodata        0x000000001ffe32dc      0x13a CMakeFiles/hello_world.elf.dir/home/ashish/dev/docker-myir-dev/share/rt-app/devices/MIMX8MM6/drivers/fsl_rdc.c.obj
 *fill*         0x000000001ffe3416        0x2 
 .rodata        0x000000001ffe3418       0xbc CMakeFiles/hello_world.elf.dir/home/ashish/dev/docker-myir-dev/share/rt-app/devices/MIMX8MM6/utilities/debug_console/fsl_debug_console.c.obj
 .rodata        0x000000001ffe34d4       0xdb CMakeFiles/hello_world.elf.dir/home/ashish/dev/docker-myir-dev/share/rt-app/components/uart/iuart_adapter.c.obj
 *fill*         0x000000001ffe35af        0x1 
 .rodata        0x000000001ffe35b0       0xeb CMakeFiles/hello_world.elf.dir/home/ashish/dev/docker-myir-dev/share/rt-app/components/serial_manager/serial_manager.c.obj
 *fill*         0x000000001ffe369b        0x1 
 .rodata        0x000000001ffe369c       0x8b CMakeFiles/hello_world.elf.dir/home/ashish/dev/docker-myir-dev/share/rt-app/components/serial_manager/serial_port_uart.c.obj
 *fill*         0x000000001ffe3727        0x1 
 .rodata        0x000000001ffe3728      0x236 CMakeFiles/hello_world.elf.dir/home/ashish/dev/docker-myir-dev/share/rt-app/devices/MIMX8MM6/drivers/fsl_uart.c.obj
 *fill*         0x000000001ffe395e        0x2 
 .rodata        0x000000001ffe3960       0x3e CMakeFiles/hello_world.elf.dir/home/ashish/dev/docker-myir-dev/share/rt-app/devices/MIMX8MM6/utilities/fsl_assert.c.obj
 *(.rodata*)
 *fill*         0x000000001ffe399e        0x2 
 .rodata.__func__.12763
                0x000000001ffe39a0       0x11 CMakeFiles/hello_world.elf.dir/home/ashish/dev/docker-myir-dev/share/rt-app/boards/evkmimx8mm/demo_apps/hello_world/board.c.obj
 *fill*         0x000000001ffe39b1        0x3 
 .rodata.g_audioPll1Config
                0x000000001ffe39b4       0x10 CMakeFiles/hello_world.elf.dir/home/ashish/dev/docker-myir-dev/share/rt-app/boards/evkmimx8mm/demo_apps/hello_world/clock_config.c.obj
                0x000000001ffe39b4                g_audioPll1Config
 .rodata.g_audioPll2Config
                0x000000001ffe39c4       0x10 CMakeFiles/hello_world.elf.dir/home/ashish/dev/docker-myir-dev/share/rt-app/boards/evkmimx8mm/demo_apps/hello_world/clock_config.c.obj
                0x000000001ffe39c4                g_audioPll2Config
 .rodata.__func__.12556
                0x000000001ffe39d4        0xf CMakeFiles/hello_world.elf.dir/home/ashish/dev/docker-myir-dev/share/rt-app/devices/MIMX8MM6/drivers/fsl_mu.c.obj
 *fill*         0x000000001ffe39e3        0x1 
 .rodata.__func__.12522
                0x000000001ffe39e4       0x17 CMakeFiles/hello_world.elf.dir/home/ashish/dev/docker-myir-dev/share/rt-app/devices/MIMX8MM6/drivers/fsl_clock.c.obj
 *fill*         0x000000001ffe39fb        0x1 
 .rodata.__func__.12542
                0x000000001ffe39fc       0x11 CMakeFiles/hello_world.elf.dir/home/ashish/dev/docker-myir-dev/share/rt-app/devices/MIMX8MM6/drivers/fsl_clock.c.obj
 *fill*         0x000000001ffe3a0d        0x3 
 .rodata.__func__.12556
                0x000000001ffe3a10       0x14 CMakeFiles/hello_world.elf.dir/home/ashish/dev/docker-myir-dev/share/rt-app/devices/MIMX8MM6/drivers/fsl_clock.c.obj
 .rodata.__func__.12566
                0x000000001ffe3a24       0x14 CMakeFiles/hello_world.elf.dir/home/ashish/dev/docker-myir-dev/share/rt-app/devices/MIMX8MM6/drivers/fsl_clock.c.obj
 .rodata.__func__.12618
                0x000000001ffe3a38       0x12 CMakeFiles/hello_world.elf.dir/home/ashish/dev/docker-myir-dev/share/rt-app/devices/MIMX8MM6/drivers/fsl_clock.c.obj
 *fill*         0x000000001ffe3a4a        0x2 
 .rodata.__func__.12627
                0x000000001ffe3a4c       0x15 CMakeFiles/hello_world.elf.dir/home/ashish/dev/docker-myir-dev/share/rt-app/devices/MIMX8MM6/drivers/fsl_clock.c.obj
 *fill*         0x000000001ffe3a61        0x3 
 .rodata.__func__.12649
                0x000000001ffe3a64       0x18 CMakeFiles/hello_world.elf.dir/home/ashish/dev/docker-myir-dev/share/rt-app/devices/MIMX8MM6/drivers/fsl_clock.c.obj
 .rodata.__func__.12660
                0x000000001ffe3a7c       0x15 CMakeFiles/hello_world.elf.dir/home/ashish/dev/docker-myir-dev/share/rt-app/devices/MIMX8MM6/drivers/fsl_clock.c.obj
 *fill*         0x000000001ffe3a91        0x3 
 .rodata.__func__.12607
                0x000000001ffe3a94       0x1e CMakeFiles/hello_world.elf.dir/home/ashish/dev/docker-myir-dev/share/rt-app/devices/MIMX8MM6/drivers/fsl_rdc.c.obj
 *fill*         0x000000001ffe3ab2        0x2 
 .rodata.__func__.12659
                0x000000001ffe3ab4       0x1c CMakeFiles/hello_world.elf.dir/home/ashish/dev/docker-myir-dev/share/rt-app/devices/MIMX8MM6/utilities/debug_console/fsl_debug_console.c.obj
 .rodata.__func__.12693
                0x000000001ffe3ad0       0x10 CMakeFiles/hello_world.elf.dir/home/ashish/dev/docker-myir-dev/share/rt-app/devices/MIMX8MM6/utilities/debug_console/fsl_debug_console.c.obj
 .rodata.s_UartAdapterBase
                0x000000001ffe3ae0       0x14 CMakeFiles/hello_world.elf.dir/home/ashish/dev/docker-myir-dev/share/rt-app/components/uart/iuart_adapter.c.obj
 .rodata.__func__.12790
                0x000000001ffe3af4        0xd CMakeFiles/hello_world.elf.dir/home/ashish/dev/docker-myir-dev/share/rt-app/components/uart/iuart_adapter.c.obj
 *fill*         0x000000001ffe3b01        0x3 
 .rodata.__func__.12810
                0x000000001ffe3b04       0x15 CMakeFiles/hello_world.elf.dir/home/ashish/dev/docker-myir-dev/share/rt-app/components/uart/iuart_adapter.c.obj
 *fill*         0x000000001ffe3b19        0x3 
 .rodata.__func__.12632
                0x000000001ffe3b1c       0x14 CMakeFiles/hello_world.elf.dir/home/ashish/dev/docker-myir-dev/share/rt-app/components/serial_manager/serial_manager.c.obj
 .rodata.__func__.12647
                0x000000001ffe3b30       0x13 CMakeFiles/hello_world.elf.dir/home/ashish/dev/docker-myir-dev/share/rt-app/components/serial_manager/serial_manager.c.obj
 *fill*         0x000000001ffe3b43        0x1 
 .rodata.__func__.12667
                0x000000001ffe3b44       0x1e CMakeFiles/hello_world.elf.dir/home/ashish/dev/docker-myir-dev/share/rt-app/components/serial_manager/serial_manager.c.obj
 *fill*         0x000000001ffe3b62        0x2 
 .rodata.__func__.12682
                0x000000001ffe3b64       0x1d CMakeFiles/hello_world.elf.dir/home/ashish/dev/docker-myir-dev/share/rt-app/components/serial_manager/serial_manager.c.obj
 *fill*         0x000000001ffe3b81        0x3 
 .rodata.__func__.12608
                0x000000001ffe3b84       0x10 CMakeFiles/hello_world.elf.dir/home/ashish/dev/docker-myir-dev/share/rt-app/components/serial_manager/serial_port_uart.c.obj
 .rodata.__func__.12620
                0x000000001ffe3b94       0x11 CMakeFiles/hello_world.elf.dir/home/ashish/dev/docker-myir-dev/share/rt-app/components/serial_manager/serial_port_uart.c.obj
 *fill*         0x000000001ffe3ba5        0x3 
 .rodata.s_uartBases
                0x000000001ffe3ba8       0x14 CMakeFiles/hello_world.elf.dir/home/ashish/dev/docker-myir-dev/share/rt-app/devices/MIMX8MM6/drivers/fsl_uart.c.obj
 .rodata.s_uartClock
                0x000000001ffe3bbc       0x14 CMakeFiles/hello_world.elf.dir/home/ashish/dev/docker-myir-dev/share/rt-app/devices/MIMX8MM6/drivers/fsl_uart.c.obj
 .rodata.__func__.12755
                0x000000001ffe3bd0       0x11 CMakeFiles/hello_world.elf.dir/home/ashish/dev/docker-myir-dev/share/rt-app/devices/MIMX8MM6/drivers/fsl_uart.c.obj
 *fill*         0x000000001ffe3be1        0x3 
 .rodata.__func__.12771
                0x000000001ffe3be4        0xa CMakeFiles/hello_world.elf.dir/home/ashish/dev/docker-myir-dev/share/rt-app/devices/MIMX8MM6/drivers/fsl_uart.c.obj
 *fill*         0x000000001ffe3bee        0x2 
 .rodata.__func__.12709
                0x000000001ffe3bf0       0x18 CMakeFiles/hello_world.elf.dir/home/ashish/dev/docker-myir-dev/share/rt-app/devices/MIMX8MM6/drivers/fsl_uart.c.obj
 .rodata.__func__.12714
                0x000000001ffe3c08       0x18 CMakeFiles/hello_world.elf.dir/home/ashish/dev/docker-myir-dev/share/rt-app/devices/MIMX8MM6/drivers/fsl_uart.c.obj
 .rodata.__func__.12781
                0x000000001ffe3c20       0x16 CMakeFiles/hello_world.elf.dir/home/ashish/dev/docker-myir-dev/share/rt-app/devices/MIMX8MM6/drivers/fsl_uart.c.obj
 *fill*         0x000000001ffe3c36        0x2 
 .rodata.__func__.12851
                0x000000001ffe3c38       0x13 CMakeFiles/hello_world.elf.dir/home/ashish/dev/docker-myir-dev/share/rt-app/devices/MIMX8MM6/drivers/fsl_uart.c.obj
 *fill*         0x000000001ffe3c4b        0x1 
 .rodata._global_impure_ptr
                0x000000001ffe3c4c        0x4 /home/ashish/dev/docker-myir-dev/share/04-Source/m4/toolchains/gcc-arm-none-eabi-7-2017-q4-major/bin/../lib/gcc/arm-none-eabi/7.2.1/../../../../arm-none-eabi/lib/thumb/v7e-m/fpv4-sp/hard/libc_nano.a(lib_a-impure.o)
                0x000000001ffe3c4c                _global_impure_ptr
 *(.glue_7)
 .glue_7        0x000000001ffe3c50        0x0 linker stubs
 *(.glue_7t)
 .glue_7t       0x000000001ffe3c50        0x0 linker stubs
 *(.eh_frame)
 .eh_frame      0x000000001ffe3c50        0x0 /home/ashish/dev/docker-myir-dev/share/04-Source/m4/toolchains/gcc-arm-none-eabi-7-2017-q4-major/bin/../lib/gcc/arm-none-eabi/7.2.1/thumb/v7e-m/fpv4-sp/hard/crtbegin.o
 *(.init)
 .init          0x000000001ffe3c50        0x4 /home/ashish/dev/docker-myir-dev/share/04-Source/m4/toolchains/gcc-arm-none-eabi-7-2017-q4-major/bin/../lib/gcc/arm-none-eabi/7.2.1/thumb/v7e-m/fpv4-sp/hard/crti.o
                0x000000001ffe3c50                _init
 .init          0x000000001ffe3c54        0x8 /home/ashish/dev/docker-myir-dev/share/04-Source/m4/toolchains/gcc-arm-none-eabi-7-2017-q4-major/bin/../lib/gcc/arm-none-eabi/7.2.1/thumb/v7e-m/fpv4-sp/hard/crtn.o
 *(.fini)
 .fini          0x000000001ffe3c5c        0x4 /home/ashish/dev/docker-myir-dev/share/04-Source/m4/toolchains/gcc-arm-none-eabi-7-2017-q4-major/bin/../lib/gcc/arm-none-eabi/7.2.1/thumb/v7e-m/fpv4-sp/hard/crti.o
                0x000000001ffe3c5c                _fini
 .fini          0x000000001ffe3c60        0x8 /home/ashish/dev/docker-myir-dev/share/04-Source/m4/toolchains/gcc-arm-none-eabi-7-2017-q4-major/bin/../lib/gcc/arm-none-eabi/7.2.1/thumb/v7e-m/fpv4-sp/hard/crtn.o
                0x000000001ffe3c68                . = ALIGN (0x4)

.vfp11_veneer   0x000000001ffe3c68        0x0
 .vfp11_veneer  0x000000001ffe3c68        0x0 linker stubs

.v4_bx          0x000000001ffe3c68        0x0
 .v4_bx         0x000000001ffe3c68        0x0 linker stubs

.iplt           0x000000001ffe3c68        0x0
 .iplt          0x000000001ffe3c68        0x0 /home/ashish/dev/docker-myir-dev/share/04-Source/m4/toolchains/gcc-arm-none-eabi-7-2017-q4-major/bin/../lib/gcc/arm-none-eabi/7.2.1/thumb/v7e-m/fpv4-sp/hard/crtbegin.o

.ARM.extab
 *(.ARM.extab* .gnu.linkonce.armextab.*)

.ARM            0x000000001ffe3c68        0x8
                0x000000001ffe3c68                __exidx_start = .
 *(.ARM.exidx*)
 .ARM.exidx     0x000000001ffe3c68        0x8 /home/ashish/dev/docker-myir-dev/share/04-Source/m4/toolchains/gcc-arm-none-eabi-7-2017-q4-major/bin/../lib/gcc/arm-none-eabi/7.2.1/../../../../arm-none-eabi/lib/thumb/v7e-m/fpv4-sp/hard/crt0.o
 .ARM.exidx     0x000000001ffe3c70        0x0 /home/ashish/dev/docker-myir-dev/share/04-Source/m4/toolchains/gcc-arm-none-eabi-7-2017-q4-major/bin/../lib/gcc/arm-none-eabi/7.2.1/thumb/v7e-m/fpv4-sp/hard/libgcc.a(_udivmoddi4.o)
                                          0x8 (size before relaxing)
                0x000000001ffe3c70                __exidx_end = .

.rel.dyn        0x000000001ffe3c70        0x0
 .rel.iplt      0x000000001ffe3c70        0x0 /home/ashish/dev/docker-myir-dev/share/04-Source/m4/toolchains/gcc-arm-none-eabi-7-2017-q4-major/bin/../lib/gcc/arm-none-eabi/7.2.1/thumb/v7e-m/fpv4-sp/hard/crtbegin.o

.ctors          0x000000001ffe3c70        0x0
                0x000000001ffe3c70                __CTOR_LIST__ = .
 *crtbegin.o(.ctors)
 *crtbegin?.o(.ctors)
 *(EXCLUDE_FILE(*crtend.o *crtend?.o) .ctors)
 *(SORT_BY_NAME(.ctors.*))
 *(.ctors)
                0x000000001ffe3c70                __CTOR_END__ = .

.dtors          0x000000001ffe3c70        0x0
                0x000000001ffe3c70                __DTOR_LIST__ = .
 *crtbegin.o(.dtors)
 *crtbegin?.o(.dtors)
 *(EXCLUDE_FILE(*crtend.o *crtend?.o) .dtors)
 *(SORT_BY_NAME(.dtors.*))
 *(.dtors)
                0x000000001ffe3c70                __DTOR_END__ = .

.preinit_array  0x000000001ffe3c70        0x0
                0x000000001ffe3c70                PROVIDE (__preinit_array_start, .)
 *(.preinit_array*)
                0x000000001ffe3c70                PROVIDE (__preinit_array_end, .)

.init_array     0x000000001ffe3c70        0x4
                0x000000001ffe3c70                PROVIDE (__init_array_start, .)
 *(SORT_BY_NAME(.init_array.*))
 *(.init_array*)
 .init_array    0x000000001ffe3c70        0x4 /home/ashish/dev/docker-myir-dev/share/04-Source/m4/toolchains/gcc-arm-none-eabi-7-2017-q4-major/bin/../lib/gcc/arm-none-eabi/7.2.1/thumb/v7e-m/fpv4-sp/hard/crtbegin.o
                0x000000001ffe3c74                PROVIDE (__init_array_end, .)

.fini_array     0x000000001ffe3c74        0x4
                [!provide]                        PROVIDE (__fini_array_start, .)
 *(SORT_BY_NAME(.fini_array.*))
 *(.fini_array*)
 .fini_array    0x000000001ffe3c74        0x4 /home/ashish/dev/docker-myir-dev/share/04-Source/m4/toolchains/gcc-arm-none-eabi-7-2017-q4-major/bin/../lib/gcc/arm-none-eabi/7.2.1/thumb/v7e-m/fpv4-sp/hard/crtbegin.o
                [!provide]                        PROVIDE (__fini_array_end, .)
                0x000000001ffe3c78                __etext = .
                0x000000001ffe3c78                __DATA_ROM = .

.data           0x0000000020000000       0x68 load address 0x000000001ffe3c78
                0x0000000020000000                . = ALIGN (0x4)
                0x0000000020000000                __DATA_RAM = .
                0x0000000020000000                __data_start__ = .
 *(.data)
 *(.data*)
 .data.ipcObj   0x0000000020000000        0x4 CMakeFiles/hello_world.elf.dir/home/ashish/dev/docker-myir-dev/share/rt-app/boards/evkmimx8mm/demo_apps/hello_world/hello_world.c.obj
                0x0000000020000000                ipcObj
 .data.SystemCoreClock
                0x0000000020000004        0x4 CMakeFiles/hello_world.elf.dir/home/ashish/dev/docker-myir-dev/share/rt-app/devices/MIMX8MM6/system_MIMX8MM6_cm4.c.obj
                0x0000000020000004                SystemCoreClock
 .data.impure_data
                0x0000000020000008       0x60 /home/ashish/dev/docker-myir-dev/share/04-Source/m4/toolchains/gcc-arm-none-eabi-7-2017-q4-major/bin/../lib/gcc/arm-none-eabi/7.2.1/../../../../arm-none-eabi/lib/thumb/v7e-m/fpv4-sp/hard/libc_nano.a(lib_a-impure.o)
 *(.jcr*)
                0x0000000020000068                . = ALIGN (0x4)
                0x0000000020000068                __data_end__ = .
                0x000000001ffe0000                __CACHE_REGION_START = ORIGIN (m_interrupts)
                0x0000000000000000                __CACHE_REGION_SIZE = 0x0
                0x000000001ffe3ce0                __NDATA_ROM = (__DATA_ROM + SIZEOF (.data))

.igot.plt       0x0000000020000068        0x0 load address 0x000000001ffe3ce0
 .igot.plt      0x0000000020000068        0x0 /home/ashish/dev/docker-myir-dev/share/04-Source/m4/toolchains/gcc-arm-none-eabi-7-2017-q4-major/bin/../lib/gcc/arm-none-eabi/7.2.1/thumb/v7e-m/fpv4-sp/hard/crtbegin.o

.ncache.init    0x0000000080000000        0x0 load address 0x000000001ffe3ce0
                0x0000000080000000                __noncachedata_start__ = .
 *(NonCacheable.init)
                0x0000000080000000                . = ALIGN (0x4)
                0x0000000080000000                __noncachedata_init_end__ = .
                0x0000000080000000                . = __noncachedata_init_end__

.ncache         0x0000000080000000        0x0
 *(NonCacheable)
                0x0000000080000000                . = ALIGN (0x4)
                0x0000000080000000                __noncachedata_end__ = .
                0x000000001ffe3ce0                __DATA_END = (__DATA_ROM + (__data_end__ - __data_start__))
                0x0000000020000000                text_end = (ORIGIN (m_text) + LENGTH (m_text))
                0x0000000000000001                ASSERT ((__DATA_END <= text_end), region m_text overflowed with text and data)

.bss            0x0000000020000068       0x54 load address 0x000000001ffe3ce0
                0x0000000020000068                . = ALIGN (0x4)
                0x0000000020000068                __START_BSS = .
                0x0000000020000068                __bss_start__ = .
 *(.bss)
 .bss           0x0000000020000068       0x1c /home/ashish/dev/docker-myir-dev/share/04-Source/m4/toolchains/gcc-arm-none-eabi-7-2017-q4-major/bin/../lib/gcc/arm-none-eabi/7.2.1/thumb/v7e-m/fpv4-sp/hard/crtbegin.o
 *(.bss*)
 .bss.s_debugConsoleState
                0x0000000020000084       0x1c CMakeFiles/hello_world.elf.dir/home/ashish/dev/docker-myir-dev/share/rt-app/devices/MIMX8MM6/utilities/debug_console/fsl_debug_console.c.obj
 .bss.g_serialHandle
                0x00000000200000a0        0x4 CMakeFiles/hello_world.elf.dir/home/ashish/dev/docker-myir-dev/share/rt-app/devices/MIMX8MM6/utilities/debug_console/fsl_debug_console.c.obj
                0x00000000200000a0                g_serialHandle
 .bss.s_uartIsr
                0x00000000200000a4        0x4 CMakeFiles/hello_world.elf.dir/home/ashish/dev/docker-myir-dev/share/rt-app/devices/MIMX8MM6/drivers/fsl_uart.c.obj
 .bss.s_uartHandle
                0x00000000200000a8       0x14 CMakeFiles/hello_world.elf.dir/home/ashish/dev/docker-myir-dev/share/rt-app/devices/MIMX8MM6/drivers/fsl_uart.c.obj
 *(COMMON)
                0x00000000200000bc                . = ALIGN (0x4)
                0x00000000200000bc                __bss_end__ = .
                0x00000000200000bc                __END_BSS = .

.heap           0x00000000200000bc      0x404 load address 0x000000001ffe3d34
                0x00000000200000c0                . = ALIGN (0x8)
 *fill*         0x00000000200000bc        0x4 
                0x00000000200000c0                __end__ = .
                0x00000000200000c0                PROVIDE (end, .)
                0x00000000200000c0                __HeapBase = .
                0x00000000200004c0                . = (. + HEAP_SIZE)
 *fill*         0x00000000200000c0      0x400 
                0x00000000200004c0                __HeapLimit = .
                0x00000000200004c0                __heap_limit = .

.stack          0x00000000200004c0      0x400 load address 0x000000001ffe4138
                0x00000000200004c0                . = ALIGN (0x8)
                0x00000000200008c0                . = (. + STACK_SIZE)
 *fill*         0x00000000200004c0      0x400 

.shared         0x0000000080100000        0x0
                0x0000000080100000                . = ALIGN (0x8)
                0x0000000020020000                __StackTop = (ORIGIN (m_data) + LENGTH (m_data))
                0x000000002001fc00                __StackLimit = (__StackTop - STACK_SIZE)
                0x0000000020020000                PROVIDE (__stack, __StackTop)

.ARM.attributes
                0x0000000000000000       0x30
 *(.ARM.attributes)
 .ARM.attributes
                0x0000000000000000       0x22 /home/ashish/dev/docker-myir-dev/share/04-Source/m4/toolchains/gcc-arm-none-eabi-7-2017-q4-major/bin/../lib/gcc/arm-none-eabi/7.2.1/thumb/v7e-m/fpv4-sp/hard/crti.o
 .ARM.attributes
                0x0000000000000022       0x34 /home/ashish/dev/docker-myir-dev/share/04-Source/m4/toolchains/gcc-arm-none-eabi-7-2017-q4-major/bin/../lib/gcc/arm-none-eabi/7.2.1/thumb/v7e-m/fpv4-sp/hard/crtbegin.o
 .ARM.attributes
                0x0000000000000056       0x20 /home/ashish/dev/docker-myir-dev/share/04-Source/m4/toolchains/gcc-arm-none-eabi-7-2017-q4-major/bin/../lib/gcc/arm-none-eabi/7.2.1/../../../../arm-none-eabi/lib/thumb/v7e-m/fpv4-sp/hard/crt0.o
 .ARM.attributes
                0x0000000000000076       0x39 CMakeFiles/hello_world.elf.dir/home/ashish/dev/docker-myir-dev/share/rt-app/boards/evkmimx8mm/demo_apps/hello_world/hello_world.c.obj
 .ARM.attributes
                0x00000000000000af       0x39 CMakeFiles/hello_world.elf.dir/home/ashish/dev/docker-myir-dev/share/rt-app/boards/evkmimx8mm/demo_apps/hello_world/pin_mux.c.obj
 .ARM.attributes
                0x00000000000000e8       0x39 CMakeFiles/hello_world.elf.dir/home/ashish/dev/docker-myir-dev/share/rt-app/boards/evkmimx8mm/demo_apps/hello_world/board.c.obj
 .ARM.attributes
                0x0000000000000121       0x39 CMakeFiles/hello_world.elf.dir/home/ashish/dev/docker-myir-dev/share/rt-app/boards/evkmimx8mm/demo_apps/hello_world/clock_config.c.obj
 .ARM.attributes
                0x000000000000015a       0x39 CMakeFiles/hello_world.elf.dir/home/ashish/dev/docker-myir-dev/share/rt-app/boards/evkmimx8mm/demo_apps/hello_world/empty_rsc_table.c.obj
 .ARM.attributes
                0x0000000000000193       0x39 CMakeFiles/hello_world.elf.dir/home/ashish/dev/docker-myir-dev/share/rt-app/devices/MIMX8MM6/drivers/fsl_mu.c.obj
 .ARM.attributes
                0x00000000000001cc       0x39 CMakeFiles/hello_world.elf.dir/home/ashish/dev/docker-myir-dev/share/rt-app/devices/MIMX8MM6/drivers/fsl_clock.c.obj
 .ARM.attributes
                0x0000000000000205       0x39 CMakeFiles/hello_world.elf.dir/home/ashish/dev/docker-myir-dev/share/rt-app/devices/MIMX8MM6/drivers/fsl_rdc.c.obj
 .ARM.attributes
                0x000000000000023e       0x39 CMakeFiles/hello_world.elf.dir/home/ashish/dev/docker-myir-dev/share/rt-app/devices/MIMX8MM6/utilities/debug_console/fsl_debug_console.c.obj
 .ARM.attributes
                0x0000000000000277       0x39 CMakeFiles/hello_world.elf.dir/home/ashish/dev/docker-myir-dev/share/rt-app/devices/MIMX8MM6/utilities/str/fsl_str.c.obj
 .ARM.attributes
                0x00000000000002b0       0x39 CMakeFiles/hello_world.elf.dir/home/ashish/dev/docker-myir-dev/share/rt-app/components/uart/iuart_adapter.c.obj
 .ARM.attributes
                0x00000000000002e9       0x39 CMakeFiles/hello_world.elf.dir/home/ashish/dev/docker-myir-dev/share/rt-app/components/serial_manager/serial_manager.c.obj
 .ARM.attributes
                0x0000000000000322       0x39 CMakeFiles/hello_world.elf.dir/home/ashish/dev/docker-myir-dev/share/rt-app/components/serial_manager/serial_port_uart.c.obj
 .ARM.attributes
                0x000000000000035b       0x39 CMakeFiles/hello_world.elf.dir/home/ashish/dev/docker-myir-dev/share/rt-app/devices/MIMX8MM6/drivers/fsl_uart.c.obj
 .ARM.attributes
                0x0000000000000394       0x1f CMakeFiles/hello_world.elf.dir/home/ashish/dev/docker-myir-dev/share/rt-app/devices/MIMX8MM6/gcc/startup_MIMX8MM6_cm4.S.obj
 .ARM.attributes
                0x00000000000003b3       0x39 CMakeFiles/hello_world.elf.dir/home/ashish/dev/docker-myir-dev/share/rt-app/devices/MIMX8MM6/system_MIMX8MM6_cm4.c.obj
 .ARM.attributes
                0x00000000000003ec       0x39 CMakeFiles/hello_world.elf.dir/home/ashish/dev/docker-myir-dev/share/rt-app/devices/MIMX8MM6/utilities/fsl_assert.c.obj
 .ARM.attributes
                0x0000000000000425       0x34 /home/ashish/dev/docker-myir-dev/share/04-Source/m4/toolchains/gcc-arm-none-eabi-7-2017-q4-major/bin/../lib/gcc/arm-none-eabi/7.2.1/../../../../arm-none-eabi/lib/thumb/v7e-m/fpv4-sp/hard/libc_nano.a(lib_a-exit.o)
 .ARM.attributes
                0x0000000000000459       0x34 /home/ashish/dev/docker-myir-dev/share/04-Source/m4/toolchains/gcc-arm-none-eabi-7-2017-q4-major/bin/../lib/gcc/arm-none-eabi/7.2.1/../../../../arm-none-eabi/lib/thumb/v7e-m/fpv4-sp/hard/libc_nano.a(lib_a-impure.o)
 .ARM.attributes
                0x000000000000048d       0x34 /home/ashish/dev/docker-myir-dev/share/04-Source/m4/toolchains/gcc-arm-none-eabi-7-2017-q4-major/bin/../lib/gcc/arm-none-eabi/7.2.1/../../../../arm-none-eabi/lib/thumb/v7e-m/fpv4-sp/hard/libc_nano.a(lib_a-init.o)
 .ARM.attributes
                0x00000000000004c1       0x34 /home/ashish/dev/docker-myir-dev/share/04-Source/m4/toolchains/gcc-arm-none-eabi-7-2017-q4-major/bin/../lib/gcc/arm-none-eabi/7.2.1/../../../../arm-none-eabi/lib/thumb/v7e-m/fpv4-sp/hard/libc_nano.a(lib_a-memset.o)
 .ARM.attributes
                0x00000000000004f5       0x1b /home/ashish/dev/docker-myir-dev/share/04-Source/m4/toolchains/gcc-arm-none-eabi-7-2017-q4-major/bin/../lib/gcc/arm-none-eabi/7.2.1/../../../../arm-none-eabi/lib/thumb/v7e-m/fpv4-sp/hard/libc_nano.a(lib_a-strlen.o)
 .ARM.attributes
                0x0000000000000510       0x22 /home/ashish/dev/docker-myir-dev/share/04-Source/m4/toolchains/gcc-arm-none-eabi-7-2017-q4-major/bin/../lib/gcc/arm-none-eabi/7.2.1/thumb/v7e-m/fpv4-sp/hard/libgcc.a(_aeabi_uldivmod.o)
 .ARM.attributes
                0x0000000000000532       0x34 /home/ashish/dev/docker-myir-dev/share/04-Source/m4/toolchains/gcc-arm-none-eabi-7-2017-q4-major/bin/../lib/gcc/arm-none-eabi/7.2.1/thumb/v7e-m/fpv4-sp/hard/libgcc.a(_udivmoddi4.o)
 .ARM.attributes
                0x0000000000000566       0x22 /home/ashish/dev/docker-myir-dev/share/04-Source/m4/toolchains/gcc-arm-none-eabi-7-2017-q4-major/bin/../lib/gcc/arm-none-eabi/7.2.1/thumb/v7e-m/fpv4-sp/hard/libgcc.a(_dvmd_tls.o)
 .ARM.attributes
                0x0000000000000588       0x34 /home/ashish/dev/docker-myir-dev/share/04-Source/m4/toolchains/gcc-arm-none-eabi-7-2017-q4-major/bin/../lib/gcc/arm-none-eabi/7.2.1/../../../../arm-none-eabi/lib/thumb/v7e-m/fpv4-sp/hard/libnosys.a(_exit.o)
 .ARM.attributes
                0x00000000000005bc       0x22 /home/ashish/dev/docker-myir-dev/share/04-Source/m4/toolchains/gcc-arm-none-eabi-7-2017-q4-major/bin/../lib/gcc/arm-none-eabi/7.2.1/thumb/v7e-m/fpv4-sp/hard/crtn.o
                0x0000000000000001                ASSERT ((__StackLimit >= __HeapLimit), region m_data overflowed with stack and heap)
OUTPUT(debug/hello_world.elf elf32-littlearm)

.debug_info     0x0000000000000000    0x12adc
 .debug_info    0x0000000000000000      0xf50 CMakeFiles/hello_world.elf.dir/home/ashish/dev/docker-myir-dev/share/rt-app/boards/evkmimx8mm/demo_apps/hello_world/hello_world.c.obj
 .debug_info    0x0000000000000f50      0x9cb CMakeFiles/hello_world.elf.dir/home/ashish/dev/docker-myir-dev/share/rt-app/boards/evkmimx8mm/demo_apps/hello_world/pin_mux.c.obj
 .debug_info    0x000000000000191b     0x1332 CMakeFiles/hello_world.elf.dir/home/ashish/dev/docker-myir-dev/share/rt-app/boards/evkmimx8mm/demo_apps/hello_world/board.c.obj
 .debug_info    0x0000000000002c4d     0x1428 CMakeFiles/hello_world.elf.dir/home/ashish/dev/docker-myir-dev/share/rt-app/boards/evkmimx8mm/demo_apps/hello_world/clock_config.c.obj
 .debug_info    0x0000000000004075       0x9a CMakeFiles/hello_world.elf.dir/home/ashish/dev/docker-myir-dev/share/rt-app/boards/evkmimx8mm/demo_apps/hello_world/empty_rsc_table.c.obj
 .debug_info    0x000000000000410f     0x141d CMakeFiles/hello_world.elf.dir/home/ashish/dev/docker-myir-dev/share/rt-app/devices/MIMX8MM6/drivers/fsl_mu.c.obj
 .debug_info    0x000000000000552c     0x1ff9 CMakeFiles/hello_world.elf.dir/home/ashish/dev/docker-myir-dev/share/rt-app/devices/MIMX8MM6/drivers/fsl_clock.c.obj
 .debug_info    0x0000000000007525     0x1c91 CMakeFiles/hello_world.elf.dir/home/ashish/dev/docker-myir-dev/share/rt-app/devices/MIMX8MM6/drivers/fsl_rdc.c.obj
 .debug_info    0x00000000000091b6     0x1554 CMakeFiles/hello_world.elf.dir/home/ashish/dev/docker-myir-dev/share/rt-app/devices/MIMX8MM6/utilities/debug_console/fsl_debug_console.c.obj
 .debug_info    0x000000000000a70a     0x1276 CMakeFiles/hello_world.elf.dir/home/ashish/dev/docker-myir-dev/share/rt-app/devices/MIMX8MM6/utilities/str/fsl_str.c.obj
 .debug_info    0x000000000000b980     0x1495 CMakeFiles/hello_world.elf.dir/home/ashish/dev/docker-myir-dev/share/rt-app/components/uart/iuart_adapter.c.obj
 .debug_info    0x000000000000ce15     0x117d CMakeFiles/hello_world.elf.dir/home/ashish/dev/docker-myir-dev/share/rt-app/components/serial_manager/serial_manager.c.obj
 .debug_info    0x000000000000df92      0xdd0 CMakeFiles/hello_world.elf.dir/home/ashish/dev/docker-myir-dev/share/rt-app/components/serial_manager/serial_port_uart.c.obj
 .debug_info    0x000000000000ed62     0x299c CMakeFiles/hello_world.elf.dir/home/ashish/dev/docker-myir-dev/share/rt-app/devices/MIMX8MM6/drivers/fsl_uart.c.obj
 .debug_info    0x00000000000116fe       0x26 CMakeFiles/hello_world.elf.dir/home/ashish/dev/docker-myir-dev/share/rt-app/devices/MIMX8MM6/gcc/startup_MIMX8MM6_cm4.S.obj
 .debug_info    0x0000000000011724      0xa8d CMakeFiles/hello_world.elf.dir/home/ashish/dev/docker-myir-dev/share/rt-app/devices/MIMX8MM6/system_MIMX8MM6_cm4.c.obj
 .debug_info    0x00000000000121b1      0x92b CMakeFiles/hello_world.elf.dir/home/ashish/dev/docker-myir-dev/share/rt-app/devices/MIMX8MM6/utilities/fsl_assert.c.obj

.debug_abbrev   0x0000000000000000     0x27c1
 .debug_abbrev  0x0000000000000000      0x222 CMakeFiles/hello_world.elf.dir/home/ashish/dev/docker-myir-dev/share/rt-app/boards/evkmimx8mm/demo_apps/hello_world/hello_world.c.obj
 .debug_abbrev  0x0000000000000222      0x203 CMakeFiles/hello_world.elf.dir/home/ashish/dev/docker-myir-dev/share/rt-app/boards/evkmimx8mm/demo_apps/hello_world/pin_mux.c.obj
 .debug_abbrev  0x0000000000000425      0x2d2 CMakeFiles/hello_world.elf.dir/home/ashish/dev/docker-myir-dev/share/rt-app/boards/evkmimx8mm/demo_apps/hello_world/board.c.obj
 .debug_abbrev  0x00000000000006f7      0x26a CMakeFiles/hello_world.elf.dir/home/ashish/dev/docker-myir-dev/share/rt-app/boards/evkmimx8mm/demo_apps/hello_world/clock_config.c.obj
 .debug_abbrev  0x0000000000000961       0x5d CMakeFiles/hello_world.elf.dir/home/ashish/dev/docker-myir-dev/share/rt-app/boards/evkmimx8mm/demo_apps/hello_world/empty_rsc_table.c.obj
 .debug_abbrev  0x00000000000009be      0x2ec CMakeFiles/hello_world.elf.dir/home/ashish/dev/docker-myir-dev/share/rt-app/devices/MIMX8MM6/drivers/fsl_mu.c.obj
 .debug_abbrev  0x0000000000000caa      0x35a CMakeFiles/hello_world.elf.dir/home/ashish/dev/docker-myir-dev/share/rt-app/devices/MIMX8MM6/drivers/fsl_clock.c.obj
 .debug_abbrev  0x0000000000001004      0x2f5 CMakeFiles/hello_world.elf.dir/home/ashish/dev/docker-myir-dev/share/rt-app/devices/MIMX8MM6/drivers/fsl_rdc.c.obj
 .debug_abbrev  0x00000000000012f9      0x2ea CMakeFiles/hello_world.elf.dir/home/ashish/dev/docker-myir-dev/share/rt-app/devices/MIMX8MM6/utilities/debug_console/fsl_debug_console.c.obj
 .debug_abbrev  0x00000000000015e3      0x322 CMakeFiles/hello_world.elf.dir/home/ashish/dev/docker-myir-dev/share/rt-app/devices/MIMX8MM6/utilities/str/fsl_str.c.obj
 .debug_abbrev  0x0000000000001905      0x28a CMakeFiles/hello_world.elf.dir/home/ashish/dev/docker-myir-dev/share/rt-app/components/uart/iuart_adapter.c.obj
 .debug_abbrev  0x0000000000001b8f      0x2ee CMakeFiles/hello_world.elf.dir/home/ashish/dev/docker-myir-dev/share/rt-app/components/serial_manager/serial_manager.c.obj
 .debug_abbrev  0x0000000000001e7d      0x23c CMakeFiles/hello_world.elf.dir/home/ashish/dev/docker-myir-dev/share/rt-app/components/serial_manager/serial_port_uart.c.obj
 .debug_abbrev  0x00000000000020b9      0x3af CMakeFiles/hello_world.elf.dir/home/ashish/dev/docker-myir-dev/share/rt-app/devices/MIMX8MM6/drivers/fsl_uart.c.obj
 .debug_abbrev  0x0000000000002468       0x14 CMakeFiles/hello_world.elf.dir/home/ashish/dev/docker-myir-dev/share/rt-app/devices/MIMX8MM6/gcc/startup_MIMX8MM6_cm4.S.obj
 .debug_abbrev  0x000000000000247c      0x185 CMakeFiles/hello_world.elf.dir/home/ashish/dev/docker-myir-dev/share/rt-app/devices/MIMX8MM6/system_MIMX8MM6_cm4.c.obj
 .debug_abbrev  0x0000000000002601      0x1c0 CMakeFiles/hello_world.elf.dir/home/ashish/dev/docker-myir-dev/share/rt-app/devices/MIMX8MM6/utilities/fsl_assert.c.obj

.debug_aranges  0x0000000000000000      0x728
 .debug_aranges
                0x0000000000000000       0x20 CMakeFiles/hello_world.elf.dir/home/ashish/dev/docker-myir-dev/share/rt-app/boards/evkmimx8mm/demo_apps/hello_world/hello_world.c.obj
 .debug_aranges
                0x0000000000000020       0x38 CMakeFiles/hello_world.elf.dir/home/ashish/dev/docker-myir-dev/share/rt-app/boards/evkmimx8mm/demo_apps/hello_world/pin_mux.c.obj
 .debug_aranges
                0x0000000000000058       0x48 CMakeFiles/hello_world.elf.dir/home/ashish/dev/docker-myir-dev/share/rt-app/boards/evkmimx8mm/demo_apps/hello_world/board.c.obj
 .debug_aranges
                0x00000000000000a0       0x28 CMakeFiles/hello_world.elf.dir/home/ashish/dev/docker-myir-dev/share/rt-app/boards/evkmimx8mm/demo_apps/hello_world/clock_config.c.obj
 .debug_aranges
                0x00000000000000c8       0x18 CMakeFiles/hello_world.elf.dir/home/ashish/dev/docker-myir-dev/share/rt-app/boards/evkmimx8mm/demo_apps/hello_world/empty_rsc_table.c.obj
 .debug_aranges
                0x00000000000000e0       0x58 CMakeFiles/hello_world.elf.dir/home/ashish/dev/docker-myir-dev/share/rt-app/devices/MIMX8MM6/drivers/fsl_mu.c.obj
 .debug_aranges
                0x0000000000000138      0x138 CMakeFiles/hello_world.elf.dir/home/ashish/dev/docker-myir-dev/share/rt-app/devices/MIMX8MM6/drivers/fsl_clock.c.obj
 .debug_aranges
                0x0000000000000270       0x70 CMakeFiles/hello_world.elf.dir/home/ashish/dev/docker-myir-dev/share/rt-app/devices/MIMX8MM6/drivers/fsl_rdc.c.obj
 .debug_aranges
                0x00000000000002e0       0x88 CMakeFiles/hello_world.elf.dir/home/ashish/dev/docker-myir-dev/share/rt-app/devices/MIMX8MM6/utilities/debug_console/fsl_debug_console.c.obj
 .debug_aranges
                0x0000000000000368       0xb0 CMakeFiles/hello_world.elf.dir/home/ashish/dev/docker-myir-dev/share/rt-app/devices/MIMX8MM6/utilities/str/fsl_str.c.obj
 .debug_aranges
                0x0000000000000418       0x50 CMakeFiles/hello_world.elf.dir/home/ashish/dev/docker-myir-dev/share/rt-app/components/uart/iuart_adapter.c.obj
 .debug_aranges
                0x0000000000000468       0x98 CMakeFiles/hello_world.elf.dir/home/ashish/dev/docker-myir-dev/share/rt-app/components/serial_manager/serial_manager.c.obj
 .debug_aranges
                0x0000000000000500       0x48 CMakeFiles/hello_world.elf.dir/home/ashish/dev/docker-myir-dev/share/rt-app/components/serial_manager/serial_port_uart.c.obj
 .debug_aranges
                0x0000000000000548      0x160 CMakeFiles/hello_world.elf.dir/home/ashish/dev/docker-myir-dev/share/rt-app/devices/MIMX8MM6/drivers/fsl_uart.c.obj
 .debug_aranges
                0x00000000000006a8       0x20 CMakeFiles/hello_world.elf.dir/home/ashish/dev/docker-myir-dev/share/rt-app/devices/MIMX8MM6/gcc/startup_MIMX8MM6_cm4.S.obj
 .debug_aranges
                0x00000000000006c8       0x40 CMakeFiles/hello_world.elf.dir/home/ashish/dev/docker-myir-dev/share/rt-app/devices/MIMX8MM6/system_MIMX8MM6_cm4.c.obj
 .debug_aranges
                0x0000000000000708       0x20 CMakeFiles/hello_world.elf.dir/home/ashish/dev/docker-myir-dev/share/rt-app/devices/MIMX8MM6/utilities/fsl_assert.c.obj

.debug_ranges   0x0000000000000000      0x600
 .debug_ranges  0x0000000000000000       0x10 CMakeFiles/hello_world.elf.dir/home/ashish/dev/docker-myir-dev/share/rt-app/boards/evkmimx8mm/demo_apps/hello_world/hello_world.c.obj
 .debug_ranges  0x0000000000000010       0x28 CMakeFiles/hello_world.elf.dir/home/ashish/dev/docker-myir-dev/share/rt-app/boards/evkmimx8mm/demo_apps/hello_world/pin_mux.c.obj
 .debug_ranges  0x0000000000000038       0x38 CMakeFiles/hello_world.elf.dir/home/ashish/dev/docker-myir-dev/share/rt-app/boards/evkmimx8mm/demo_apps/hello_world/board.c.obj
 .debug_ranges  0x0000000000000070       0x18 CMakeFiles/hello_world.elf.dir/home/ashish/dev/docker-myir-dev/share/rt-app/boards/evkmimx8mm/demo_apps/hello_world/clock_config.c.obj
 .debug_ranges  0x0000000000000088       0x48 CMakeFiles/hello_world.elf.dir/home/ashish/dev/docker-myir-dev/share/rt-app/devices/MIMX8MM6/drivers/fsl_mu.c.obj
 .debug_ranges  0x00000000000000d0      0x128 CMakeFiles/hello_world.elf.dir/home/ashish/dev/docker-myir-dev/share/rt-app/devices/MIMX8MM6/drivers/fsl_clock.c.obj
 .debug_ranges  0x00000000000001f8       0x60 CMakeFiles/hello_world.elf.dir/home/ashish/dev/docker-myir-dev/share/rt-app/devices/MIMX8MM6/drivers/fsl_rdc.c.obj
 .debug_ranges  0x0000000000000258       0x78 CMakeFiles/hello_world.elf.dir/home/ashish/dev/docker-myir-dev/share/rt-app/devices/MIMX8MM6/utilities/debug_console/fsl_debug_console.c.obj
 .debug_ranges  0x00000000000002d0       0xa0 CMakeFiles/hello_world.elf.dir/home/ashish/dev/docker-myir-dev/share/rt-app/devices/MIMX8MM6/utilities/str/fsl_str.c.obj
 .debug_ranges  0x0000000000000370       0x40 CMakeFiles/hello_world.elf.dir/home/ashish/dev/docker-myir-dev/share/rt-app/components/uart/iuart_adapter.c.obj
 .debug_ranges  0x00000000000003b0       0x88 CMakeFiles/hello_world.elf.dir/home/ashish/dev/docker-myir-dev/share/rt-app/components/serial_manager/serial_manager.c.obj
 .debug_ranges  0x0000000000000438       0x38 CMakeFiles/hello_world.elf.dir/home/ashish/dev/docker-myir-dev/share/rt-app/components/serial_manager/serial_port_uart.c.obj
 .debug_ranges  0x0000000000000470      0x150 CMakeFiles/hello_world.elf.dir/home/ashish/dev/docker-myir-dev/share/rt-app/devices/MIMX8MM6/drivers/fsl_uart.c.obj
 .debug_ranges  0x00000000000005c0       0x30 CMakeFiles/hello_world.elf.dir/home/ashish/dev/docker-myir-dev/share/rt-app/devices/MIMX8MM6/system_MIMX8MM6_cm4.c.obj
 .debug_ranges  0x00000000000005f0       0x10 CMakeFiles/hello_world.elf.dir/home/ashish/dev/docker-myir-dev/share/rt-app/devices/MIMX8MM6/utilities/fsl_assert.c.obj

.debug_line     0x0000000000000000     0x58c2
 .debug_line    0x0000000000000000      0x57a CMakeFiles/hello_world.elf.dir/home/ashish/dev/docker-myir-dev/share/rt-app/boards/evkmimx8mm/demo_apps/hello_world/hello_world.c.obj
 .debug_line    0x000000000000057a      0x3c0 CMakeFiles/hello_world.elf.dir/home/ashish/dev/docker-myir-dev/share/rt-app/boards/evkmimx8mm/demo_apps/hello_world/pin_mux.c.obj
 .debug_line    0x000000000000093a      0x642 CMakeFiles/hello_world.elf.dir/home/ashish/dev/docker-myir-dev/share/rt-app/boards/evkmimx8mm/demo_apps/hello_world/board.c.obj
 .debug_line    0x0000000000000f7c      0x456 CMakeFiles/hello_world.elf.dir/home/ashish/dev/docker-myir-dev/share/rt-app/boards/evkmimx8mm/demo_apps/hello_world/clock_config.c.obj
 .debug_line    0x00000000000013d2      0x11d CMakeFiles/hello_world.elf.dir/home/ashish/dev/docker-myir-dev/share/rt-app/boards/evkmimx8mm/demo_apps/hello_world/empty_rsc_table.c.obj
 .debug_line    0x00000000000014ef      0x46f CMakeFiles/hello_world.elf.dir/home/ashish/dev/docker-myir-dev/share/rt-app/devices/MIMX8MM6/drivers/fsl_mu.c.obj
 .debug_line    0x000000000000195e      0x82f CMakeFiles/hello_world.elf.dir/home/ashish/dev/docker-myir-dev/share/rt-app/devices/MIMX8MM6/drivers/fsl_clock.c.obj
 .debug_line    0x000000000000218d      0x4e8 CMakeFiles/hello_world.elf.dir/home/ashish/dev/docker-myir-dev/share/rt-app/devices/MIMX8MM6/drivers/fsl_rdc.c.obj
 .debug_line    0x0000000000002675      0x6f2 CMakeFiles/hello_world.elf.dir/home/ashish/dev/docker-myir-dev/share/rt-app/devices/MIMX8MM6/utilities/debug_console/fsl_debug_console.c.obj
 .debug_line    0x0000000000002d67      0x6d3 CMakeFiles/hello_world.elf.dir/home/ashish/dev/docker-myir-dev/share/rt-app/devices/MIMX8MM6/utilities/str/fsl_str.c.obj
 .debug_line    0x000000000000343a      0x516 CMakeFiles/hello_world.elf.dir/home/ashish/dev/docker-myir-dev/share/rt-app/components/uart/iuart_adapter.c.obj
 .debug_line    0x0000000000003950      0x68a CMakeFiles/hello_world.elf.dir/home/ashish/dev/docker-myir-dev/share/rt-app/components/serial_manager/serial_manager.c.obj
 .debug_line    0x0000000000003fda      0x4ed CMakeFiles/hello_world.elf.dir/home/ashish/dev/docker-myir-dev/share/rt-app/components/serial_manager/serial_port_uart.c.obj
 .debug_line    0x00000000000044c7      0xb3f CMakeFiles/hello_world.elf.dir/home/ashish/dev/docker-myir-dev/share/rt-app/devices/MIMX8MM6/drivers/fsl_uart.c.obj
 .debug_line    0x0000000000005006      0x17f CMakeFiles/hello_world.elf.dir/home/ashish/dev/docker-myir-dev/share/rt-app/devices/MIMX8MM6/gcc/startup_MIMX8MM6_cm4.S.obj
 .debug_line    0x0000000000005185      0x282 CMakeFiles/hello_world.elf.dir/home/ashish/dev/docker-myir-dev/share/rt-app/devices/MIMX8MM6/system_MIMX8MM6_cm4.c.obj
 .debug_line    0x0000000000005407      0x4bb CMakeFiles/hello_world.elf.dir/home/ashish/dev/docker-myir-dev/share/rt-app/devices/MIMX8MM6/utilities/fsl_assert.c.obj

.debug_str      0x0000000000000000     0x6c46
 .debug_str     0x0000000000000000     0x108b CMakeFiles/hello_world.elf.dir/home/ashish/dev/docker-myir-dev/share/rt-app/boards/evkmimx8mm/demo_apps/hello_world/hello_world.c.obj
                                       0x10fc (size before relaxing)
 .debug_str     0x000000000000108b       0xfc CMakeFiles/hello_world.elf.dir/home/ashish/dev/docker-myir-dev/share/rt-app/boards/evkmimx8mm/demo_apps/hello_world/pin_mux.c.obj
                                        0x6ed (size before relaxing)
 .debug_str     0x0000000000001187      0xe59 CMakeFiles/hello_world.elf.dir/home/ashish/dev/docker-myir-dev/share/rt-app/boards/evkmimx8mm/demo_apps/hello_world/board.c.obj
                                       0x14c3 (size before relaxing)
 .debug_str     0x0000000000001fe0      0x58d CMakeFiles/hello_world.elf.dir/home/ashish/dev/docker-myir-dev/share/rt-app/boards/evkmimx8mm/demo_apps/hello_world/clock_config.c.obj
                                       0x1b3e (size before relaxing)
 .debug_str     0x000000000000256d       0x77 CMakeFiles/hello_world.elf.dir/home/ashish/dev/docker-myir-dev/share/rt-app/boards/evkmimx8mm/demo_apps/hello_world/empty_rsc_table.c.obj
                                        0x258 (size before relaxing)
 .debug_str     0x00000000000025e4      0x212 CMakeFiles/hello_world.elf.dir/home/ashish/dev/docker-myir-dev/share/rt-app/devices/MIMX8MM6/drivers/fsl_mu.c.obj
                                       0x15db (size before relaxing)
 .debug_str     0x00000000000027f6      0xca6 CMakeFiles/hello_world.elf.dir/home/ashish/dev/docker-myir-dev/share/rt-app/devices/MIMX8MM6/drivers/fsl_clock.c.obj
                                       0x1e95 (size before relaxing)
 .debug_str     0x000000000000349c      0xdde CMakeFiles/hello_world.elf.dir/home/ashish/dev/docker-myir-dev/share/rt-app/devices/MIMX8MM6/drivers/fsl_rdc.c.obj
                                       0x241f (size before relaxing)
 .debug_str     0x000000000000427a      0x614 CMakeFiles/hello_world.elf.dir/home/ashish/dev/docker-myir-dev/share/rt-app/devices/MIMX8MM6/utilities/debug_console/fsl_debug_console.c.obj
                                       0x170e (size before relaxing)
 .debug_str     0x000000000000488e      0x3a8 CMakeFiles/hello_world.elf.dir/home/ashish/dev/docker-myir-dev/share/rt-app/devices/MIMX8MM6/utilities/str/fsl_str.c.obj
                                        0x9f9 (size before relaxing)
 .debug_str     0x0000000000004c36      0x44e CMakeFiles/hello_world.elf.dir/home/ashish/dev/docker-myir-dev/share/rt-app/components/uart/iuart_adapter.c.obj
                                       0x1575 (size before relaxing)
 .debug_str     0x0000000000005084      0x357 CMakeFiles/hello_world.elf.dir/home/ashish/dev/docker-myir-dev/share/rt-app/components/serial_manager/serial_manager.c.obj
                                        0xba7 (size before relaxing)
 .debug_str     0x00000000000053db      0x119 CMakeFiles/hello_world.elf.dir/home/ashish/dev/docker-myir-dev/share/rt-app/components/serial_manager/serial_port_uart.c.obj
                                        0xc19 (size before relaxing)
 .debug_str     0x00000000000054f4     0x1545 CMakeFiles/hello_world.elf.dir/home/ashish/dev/docker-myir-dev/share/rt-app/devices/MIMX8MM6/drivers/fsl_uart.c.obj
                                       0x2b86 (size before relaxing)
 .debug_str     0x0000000000006a39       0x69 CMakeFiles/hello_world.elf.dir/home/ashish/dev/docker-myir-dev/share/rt-app/devices/MIMX8MM6/gcc/startup_MIMX8MM6_cm4.S.obj
                                         0xc6 (size before relaxing)
 .debug_str     0x0000000000006aa2      0x130 CMakeFiles/hello_world.elf.dir/home/ashish/dev/docker-myir-dev/share/rt-app/devices/MIMX8MM6/system_MIMX8MM6_cm4.c.obj
                                        0x933 (size before relaxing)
 .debug_str     0x0000000000006bd2       0x74 CMakeFiles/hello_world.elf.dir/home/ashish/dev/docker-myir-dev/share/rt-app/devices/MIMX8MM6/utilities/fsl_assert.c.obj
                                        0x68e (size before relaxing)

.comment        0x0000000000000000       0x7e
 .comment       0x0000000000000000       0x7e CMakeFiles/hello_world.elf.dir/home/ashish/dev/docker-myir-dev/share/rt-app/boards/evkmimx8mm/demo_apps/hello_world/hello_world.c.obj
                                         0x7f (size before relaxing)
 .comment       0x000000000000007e       0x7f CMakeFiles/hello_world.elf.dir/home/ashish/dev/docker-myir-dev/share/rt-app/boards/evkmimx8mm/demo_apps/hello_world/pin_mux.c.obj
 .comment       0x000000000000007e       0x7f CMakeFiles/hello_world.elf.dir/home/ashish/dev/docker-myir-dev/share/rt-app/boards/evkmimx8mm/demo_apps/hello_world/board.c.obj
 .comment       0x000000000000007e       0x7f CMakeFiles/hello_world.elf.dir/home/ashish/dev/docker-myir-dev/share/rt-app/boards/evkmimx8mm/demo_apps/hello_world/clock_config.c.obj
 .comment       0x000000000000007e       0x7f CMakeFiles/hello_world.elf.dir/home/ashish/dev/docker-myir-dev/share/rt-app/boards/evkmimx8mm/demo_apps/hello_world/empty_rsc_table.c.obj
 .comment       0x000000000000007e       0x7f CMakeFiles/hello_world.elf.dir/home/ashish/dev/docker-myir-dev/share/rt-app/devices/MIMX8MM6/drivers/fsl_mu.c.obj
 .comment       0x000000000000007e       0x7f CMakeFiles/hello_world.elf.dir/home/ashish/dev/docker-myir-dev/share/rt-app/devices/MIMX8MM6/drivers/fsl_clock.c.obj
 .comment       0x000000000000007e       0x7f CMakeFiles/hello_world.elf.dir/home/ashish/dev/docker-myir-dev/share/rt-app/devices/MIMX8MM6/drivers/fsl_rdc.c.obj
 .comment       0x000000000000007e       0x7f CMakeFiles/hello_world.elf.dir/home/ashish/dev/docker-myir-dev/share/rt-app/devices/MIMX8MM6/utilities/debug_console/fsl_debug_console.c.obj
 .comment       0x000000000000007e       0x7f CMakeFiles/hello_world.elf.dir/home/ashish/dev/docker-myir-dev/share/rt-app/devices/MIMX8MM6/utilities/str/fsl_str.c.obj
 .comment       0x000000000000007e       0x7f CMakeFiles/hello_world.elf.dir/home/ashish/dev/docker-myir-dev/share/rt-app/components/uart/iuart_adapter.c.obj
 .comment       0x000000000000007e       0x7f CMakeFiles/hello_world.elf.dir/home/ashish/dev/docker-myir-dev/share/rt-app/components/serial_manager/serial_manager.c.obj
 .comment       0x000000000000007e       0x7f CMakeFiles/hello_world.elf.dir/home/ashish/dev/docker-myir-dev/share/rt-app/components/serial_manager/serial_port_uart.c.obj
 .comment       0x000000000000007e       0x7f CMakeFiles/hello_world.elf.dir/home/ashish/dev/docker-myir-dev/share/rt-app/devices/MIMX8MM6/drivers/fsl_uart.c.obj
 .comment       0x000000000000007e       0x7f CMakeFiles/hello_world.elf.dir/home/ashish/dev/docker-myir-dev/share/rt-app/devices/MIMX8MM6/system_MIMX8MM6_cm4.c.obj
 .comment       0x000000000000007e       0x7f CMakeFiles/hello_world.elf.dir/home/ashish/dev/docker-myir-dev/share/rt-app/devices/MIMX8MM6/utilities/fsl_assert.c.obj

.debug_frame    0x0000000000000000     0x1b98
 .debug_frame   0x0000000000000000       0x30 CMakeFiles/hello_world.elf.dir/home/ashish/dev/docker-myir-dev/share/rt-app/boards/evkmimx8mm/demo_apps/hello_world/hello_world.c.obj
 .debug_frame   0x0000000000000030       0xa4 CMakeFiles/hello_world.elf.dir/home/ashish/dev/docker-myir-dev/share/rt-app/boards/evkmimx8mm/demo_apps/hello_world/pin_mux.c.obj
 .debug_frame   0x00000000000000d4       0xf8 CMakeFiles/hello_world.elf.dir/home/ashish/dev/docker-myir-dev/share/rt-app/boards/evkmimx8mm/demo_apps/hello_world/board.c.obj
 .debug_frame   0x00000000000001cc       0x54 CMakeFiles/hello_world.elf.dir/home/ashish/dev/docker-myir-dev/share/rt-app/boards/evkmimx8mm/demo_apps/hello_world/clock_config.c.obj
 .debug_frame   0x0000000000000220      0x138 CMakeFiles/hello_world.elf.dir/home/ashish/dev/docker-myir-dev/share/rt-app/devices/MIMX8MM6/drivers/fsl_mu.c.obj
 .debug_frame   0x0000000000000358      0x528 CMakeFiles/hello_world.elf.dir/home/ashish/dev/docker-myir-dev/share/rt-app/devices/MIMX8MM6/drivers/fsl_clock.c.obj
 .debug_frame   0x0000000000000880      0x1a8 CMakeFiles/hello_world.elf.dir/home/ashish/dev/docker-myir-dev/share/rt-app/devices/MIMX8MM6/drivers/fsl_rdc.c.obj
 .debug_frame   0x0000000000000a28      0x244 CMakeFiles/hello_world.elf.dir/home/ashish/dev/docker-myir-dev/share/rt-app/devices/MIMX8MM6/utilities/debug_console/fsl_debug_console.c.obj
 .debug_frame   0x0000000000000c6c      0x304 CMakeFiles/hello_world.elf.dir/home/ashish/dev/docker-myir-dev/share/rt-app/devices/MIMX8MM6/utilities/str/fsl_str.c.obj
 .debug_frame   0x0000000000000f70      0x110 CMakeFiles/hello_world.elf.dir/home/ashish/dev/docker-myir-dev/share/rt-app/components/uart/iuart_adapter.c.obj
 .debug_frame   0x0000000000001080      0x258 CMakeFiles/hello_world.elf.dir/home/ashish/dev/docker-myir-dev/share/rt-app/components/serial_manager/serial_manager.c.obj
 .debug_frame   0x00000000000012d8       0xe8 CMakeFiles/hello_world.elf.dir/home/ashish/dev/docker-myir-dev/share/rt-app/components/serial_manager/serial_port_uart.c.obj
 .debug_frame   0x00000000000013c0      0x5f0 CMakeFiles/hello_world.elf.dir/home/ashish/dev/docker-myir-dev/share/rt-app/devices/MIMX8MM6/drivers/fsl_uart.c.obj
 .debug_frame   0x00000000000019b0       0xc4 CMakeFiles/hello_world.elf.dir/home/ashish/dev/docker-myir-dev/share/rt-app/devices/MIMX8MM6/system_MIMX8MM6_cm4.c.obj
 .debug_frame   0x0000000000001a74       0x30 CMakeFiles/hello_world.elf.dir/home/ashish/dev/docker-myir-dev/share/rt-app/devices/MIMX8MM6/utilities/fsl_assert.c.obj
 .debug_frame   0x0000000000001aa4       0x28 /home/ashish/dev/docker-myir-dev/share/04-Source/m4/toolchains/gcc-arm-none-eabi-7-2017-q4-major/bin/../lib/gcc/arm-none-eabi/7.2.1/../../../../arm-none-eabi/lib/thumb/v7e-m/fpv4-sp/hard/libc_nano.a(lib_a-exit.o)
 .debug_frame   0x0000000000001acc       0x2c /home/ashish/dev/docker-myir-dev/share/04-Source/m4/toolchains/gcc-arm-none-eabi-7-2017-q4-major/bin/../lib/gcc/arm-none-eabi/7.2.1/../../../../arm-none-eabi/lib/thumb/v7e-m/fpv4-sp/hard/libc_nano.a(lib_a-init.o)
 .debug_frame   0x0000000000001af8       0x20 /home/ashish/dev/docker-myir-dev/share/04-Source/m4/toolchains/gcc-arm-none-eabi-7-2017-q4-major/bin/../lib/gcc/arm-none-eabi/7.2.1/../../../../arm-none-eabi/lib/thumb/v7e-m/fpv4-sp/hard/libc_nano.a(lib_a-memset.o)
 .debug_frame   0x0000000000001b18       0x2c /home/ashish/dev/docker-myir-dev/share/04-Source/m4/toolchains/gcc-arm-none-eabi-7-2017-q4-major/bin/../lib/gcc/arm-none-eabi/7.2.1/thumb/v7e-m/fpv4-sp/hard/libgcc.a(_aeabi_uldivmod.o)
 .debug_frame   0x0000000000001b44       0x34 /home/ashish/dev/docker-myir-dev/share/04-Source/m4/toolchains/gcc-arm-none-eabi-7-2017-q4-major/bin/../lib/gcc/arm-none-eabi/7.2.1/thumb/v7e-m/fpv4-sp/hard/libgcc.a(_udivmoddi4.o)
 .debug_frame   0x0000000000001b78       0x20 /home/ashish/dev/docker-myir-dev/share/04-Source/m4/toolchains/gcc-arm-none-eabi-7-2017-q4-major/bin/../lib/gcc/arm-none-eabi/7.2.1/../../../../arm-none-eabi/lib/thumb/v7e-m/fpv4-sp/hard/libnosys.a(_exit.o)